Archive member included to satisfy reference by file (symbol)

../TesteSoftware_bsp/\libhal_bsp.a(alt_load.o)
                              ../TesteSoftware_bsp//obj/HAL/src/crt0.o (alt_load)
../TesteSoftware_bsp/\libhal_bsp.a(alt_main.o)
                              ../TesteSoftware_bsp//obj/HAL/src/crt0.o (alt_main)
../TesteSoftware_bsp/\libhal_bsp.a(alt_sys_init.o)
                              ../TesteSoftware_bsp/\libhal_bsp.a(alt_main.o) (alt_irq_init)
../TesteSoftware_bsp/\libhal_bsp.a(altera_avalon_jtag_uart_fd.o)
                              ../TesteSoftware_bsp/\libhal_bsp.a(alt_sys_init.o) (altera_avalon_jtag_uart_read_fd)
../TesteSoftware_bsp/\libhal_bsp.a(altera_avalon_jtag_uart_init.o)
                              ../TesteSoftware_bsp/\libhal_bsp.a(alt_sys_init.o) (altera_avalon_jtag_uart_init)
../TesteSoftware_bsp/\libhal_bsp.a(altera_avalon_jtag_uart_ioctl.o)
                              ../TesteSoftware_bsp/\libhal_bsp.a(altera_avalon_jtag_uart_fd.o) (altera_avalon_jtag_uart_ioctl)
../TesteSoftware_bsp/\libhal_bsp.a(altera_avalon_jtag_uart_read.o)
                              ../TesteSoftware_bsp/\libhal_bsp.a(altera_avalon_jtag_uart_fd.o) (altera_avalon_jtag_uart_read)
../TesteSoftware_bsp/\libhal_bsp.a(altera_avalon_jtag_uart_write.o)
                              ../TesteSoftware_bsp/\libhal_bsp.a(altera_avalon_jtag_uart_fd.o) (altera_avalon_jtag_uart_write)
../TesteSoftware_bsp/\libhal_bsp.a(alt_alarm_start.o)
                              ../TesteSoftware_bsp/\libhal_bsp.a(altera_avalon_jtag_uart_init.o) (alt_alarm_start)
../TesteSoftware_bsp/\libhal_bsp.a(alt_close.o)
                              ../TesteSoftware_bsp/\libhal_bsp.a(alt_main.o) (close)
../TesteSoftware_bsp/\libhal_bsp.a(alt_dcache_flush_all.o)
                              ../TesteSoftware_bsp/\libhal_bsp.a(alt_load.o) (alt_dcache_flush_all)
../TesteSoftware_bsp/\libhal_bsp.a(alt_dev.o)
                              ../TesteSoftware_bsp/\libhal_bsp.a(alt_sys_init.o) (alt_dev_list)
../TesteSoftware_bsp/\libhal_bsp.a(alt_dev_llist_insert.o)
                              ../TesteSoftware_bsp/\libhal_bsp.a(alt_sys_init.o) (alt_dev_llist_insert)
../TesteSoftware_bsp/\libhal_bsp.a(alt_do_ctors.o)
                              ../TesteSoftware_bsp/\libhal_bsp.a(alt_main.o) (_do_ctors)
../TesteSoftware_bsp/\libhal_bsp.a(alt_do_dtors.o)
                              ../TesteSoftware_bsp/\libhal_bsp.a(alt_main.o) (_do_dtors)
../TesteSoftware_bsp/\libhal_bsp.a(alt_errno.o)
                              ../TesteSoftware_bsp/\libhal_bsp.a(alt_close.o) (alt_errno)
../TesteSoftware_bsp/\libhal_bsp.a(alt_icache_flush_all.o)
                              ../TesteSoftware_bsp/\libhal_bsp.a(alt_load.o) (alt_icache_flush_all)
../TesteSoftware_bsp/\libhal_bsp.a(alt_iic.o)
                              ../TesteSoftware_bsp/\libhal_bsp.a(altera_avalon_jtag_uart_init.o) (alt_ic_isr_register)
../TesteSoftware_bsp/\libhal_bsp.a(alt_iic_isr_register.o)
                              ../TesteSoftware_bsp/\libhal_bsp.a(alt_iic.o) (alt_iic_isr_register)
../TesteSoftware_bsp/\libhal_bsp.a(alt_io_redirect.o)
                              ../TesteSoftware_bsp/\libhal_bsp.a(alt_main.o) (alt_io_redirect)
../TesteSoftware_bsp/\libhal_bsp.a(alt_irq_entry.o)
                              ../TesteSoftware_bsp/\libhal_bsp.a(alt_iic_isr_register.o) (alt_irq_entry)
../TesteSoftware_bsp/\libhal_bsp.a(alt_irq_handler.o)
                              ../TesteSoftware_bsp/\libhal_bsp.a(alt_iic_isr_register.o) (alt_irq)
../TesteSoftware_bsp/\libhal_bsp.a(alt_irq_vars.o)
                              ../TesteSoftware_bsp/\libhal_bsp.a(alt_iic.o) (alt_irq_active)
../TesteSoftware_bsp/\libhal_bsp.a(alt_open.o)
                              ../TesteSoftware_bsp/\libhal_bsp.a(alt_io_redirect.o) (open)
../TesteSoftware_bsp/\libhal_bsp.a(alt_release_fd.o)
                              ../TesteSoftware_bsp/\libhal_bsp.a(alt_close.o) (alt_release_fd)
../TesteSoftware_bsp/\libhal_bsp.a(alt_tick.o)
                              ../TesteSoftware_bsp/\libhal_bsp.a(altera_avalon_jtag_uart_init.o) (_alt_tick_rate)
../TesteSoftware_bsp/\libhal_bsp.a(altera_nios2_gen2_irq.o)
                              ../TesteSoftware_bsp/\libhal_bsp.a(alt_sys_init.o) (altera_nios2_gen2_irq_init)
../TesteSoftware_bsp/\libhal_bsp.a(alt_exception_entry.o)
                              ../TesteSoftware_bsp/\libhal_bsp.a(alt_irq_entry.o) (alt_exception)
../TesteSoftware_bsp/\libhal_bsp.a(alt_find_dev.o)
                              ../TesteSoftware_bsp/\libhal_bsp.a(alt_open.o) (alt_find_dev)
../TesteSoftware_bsp/\libhal_bsp.a(alt_find_file.o)
                              ../TesteSoftware_bsp/\libhal_bsp.a(alt_open.o) (alt_find_file)
../TesteSoftware_bsp/\libhal_bsp.a(alt_get_fd.o)
                              ../TesteSoftware_bsp/\libhal_bsp.a(alt_open.o) (alt_get_fd)
../TesteSoftware_bsp/\libhal_bsp.a(alt_instruction_exception_entry.o)
                              ../TesteSoftware_bsp/\libhal_bsp.a(alt_exception_entry.o) (alt_instruction_exception_entry)
c:/intelfpga_lite/18.1/nios2eds/bin/gnu/h-x86_64-mingw32/bin/../lib/gcc/nios2-elf/5.3.0/../../../../../H-x86_64-mingw32/nios2-elf/lib/mno-hw-mul\libc.a(lib_a-atexit.o)
                              ../TesteSoftware_bsp/\libhal_bsp.a(alt_main.o) (atexit)
c:/intelfpga_lite/18.1/nios2eds/bin/gnu/h-x86_64-mingw32/bin/../lib/gcc/nios2-elf/5.3.0/../../../../../H-x86_64-mingw32/nios2-elf/lib/mno-hw-mul\libc.a(lib_a-exit.o)
                              ../TesteSoftware_bsp/\libhal_bsp.a(alt_main.o) (exit)
c:/intelfpga_lite/18.1/nios2eds/bin/gnu/h-x86_64-mingw32/bin/../lib/gcc/nios2-elf/5.3.0/../../../../../H-x86_64-mingw32/nios2-elf/lib/mno-hw-mul\libc.a(lib_a-impure.o)
                              c:/intelfpga_lite/18.1/nios2eds/bin/gnu/h-x86_64-mingw32/bin/../lib/gcc/nios2-elf/5.3.0/../../../../../H-x86_64-mingw32/nios2-elf/lib/mno-hw-mul\libc.a(lib_a-exit.o) (_global_impure_ptr)
c:/intelfpga_lite/18.1/nios2eds/bin/gnu/h-x86_64-mingw32/bin/../lib/gcc/nios2-elf/5.3.0/../../../../../H-x86_64-mingw32/nios2-elf/lib/mno-hw-mul\libc.a(lib_a-int_errno.o)
                              ../TesteSoftware_bsp/\libhal_bsp.a(alt_close.o) (errno)
c:/intelfpga_lite/18.1/nios2eds/bin/gnu/h-x86_64-mingw32/bin/../lib/gcc/nios2-elf/5.3.0/../../../../../H-x86_64-mingw32/nios2-elf/lib/mno-hw-mul\libc.a(lib_a-memcmp.o)
                              ../TesteSoftware_bsp/\libhal_bsp.a(alt_find_dev.o) (memcmp)
c:/intelfpga_lite/18.1/nios2eds/bin/gnu/h-x86_64-mingw32/bin/../lib/gcc/nios2-elf/5.3.0/../../../../../H-x86_64-mingw32/nios2-elf/lib/mno-hw-mul\libc.a(lib_a-memcpy.o)
                              ../TesteSoftware_bsp/\libhal_bsp.a(altera_avalon_jtag_uart_read.o) (memcpy)
c:/intelfpga_lite/18.1/nios2eds/bin/gnu/h-x86_64-mingw32/bin/../lib/gcc/nios2-elf/5.3.0/../../../../../H-x86_64-mingw32/nios2-elf/lib/mno-hw-mul\libc.a(lib_a-strlen.o)
                              ../TesteSoftware_bsp/\libhal_bsp.a(alt_find_dev.o) (strlen)
c:/intelfpga_lite/18.1/nios2eds/bin/gnu/h-x86_64-mingw32/bin/../lib/gcc/nios2-elf/5.3.0/../../../../../H-x86_64-mingw32/nios2-elf/lib/mno-hw-mul\libc.a(lib_a-__atexit.o)
                              c:/intelfpga_lite/18.1/nios2eds/bin/gnu/h-x86_64-mingw32/bin/../lib/gcc/nios2-elf/5.3.0/../../../../../H-x86_64-mingw32/nios2-elf/lib/mno-hw-mul\libc.a(lib_a-atexit.o) (__register_exitproc)
c:/intelfpga_lite/18.1/nios2eds/bin/gnu/h-x86_64-mingw32/bin/../lib/gcc/nios2-elf/5.3.0/../../../../../H-x86_64-mingw32/nios2-elf/lib/mno-hw-mul\libc.a(lib_a-__call_atexit.o)
                              c:/intelfpga_lite/18.1/nios2eds/bin/gnu/h-x86_64-mingw32/bin/../lib/gcc/nios2-elf/5.3.0/../../../../../H-x86_64-mingw32/nios2-elf/lib/mno-hw-mul\libc.a(lib_a-exit.o) (__call_exitprocs)
c:/intelfpga_lite/18.1/nios2eds/bin/gnu/h-x86_64-mingw32/bin/../lib/gcc/nios2-elf/5.3.0/mno-hw-mul\libgcc.a(lib2-mul.o)
                              ../TesteSoftware_bsp/\libhal_bsp.a(alt_close.o) (__mulsi3)
../TesteSoftware_bsp/\libhal_bsp.a(alt_exit.o)
                              c:/intelfpga_lite/18.1/nios2eds/bin/gnu/h-x86_64-mingw32/bin/../lib/gcc/nios2-elf/5.3.0/../../../../../H-x86_64-mingw32/nios2-elf/lib/mno-hw-mul\libc.a(lib_a-exit.o) (_exit)

Allocating common symbols
Common symbol       size              file

alt_irq             0x100             ../TesteSoftware_bsp/\libhal_bsp.a(alt_irq_handler.o)
errno               0x4               c:/intelfpga_lite/18.1/nios2eds/bin/gnu/h-x86_64-mingw32/bin/../lib/gcc/nios2-elf/5.3.0/../../../../../H-x86_64-mingw32/nios2-elf/lib/mno-hw-mul\libc.a(lib_a-int_errno.o)
i                   0x4               obj/default/hello_world.o
size                0x4               obj/default/hello_world.o

Memory Configuration

Name             Origin             Length             Attributes
reset            0x0000000000000000 0x0000000000000020
MemoriaPrograma  0x0000000000000020 0x000000000001ffe0
MemoriaDados     0x0000000000020000 0x0000000000004000
*default*        0x0000000000000000 0xffffffffffffffff

Linker script and memory map

LOAD ../TesteSoftware_bsp//obj/HAL/src/crt0.o
LOAD obj/default/hello_world.o
LOAD c:/intelfpga_lite/18.1/nios2eds/bin/gnu/h-x86_64-mingw32/bin/../lib/gcc/nios2-elf/5.3.0/../../../../../H-x86_64-mingw32/nios2-elf/lib/mno-hw-mul\libstdc++.a
LOAD c:/intelfpga_lite/18.1/nios2eds/bin/gnu/h-x86_64-mingw32/bin/../lib/gcc/nios2-elf/5.3.0/../../../../../H-x86_64-mingw32/nios2-elf/lib/mno-hw-mul\libm.a
LOAD c:/intelfpga_lite/18.1/nios2eds/bin/gnu/h-x86_64-mingw32/bin/../lib/gcc/nios2-elf/5.3.0/mno-hw-mul\libgcc.a
START GROUP
LOAD c:/intelfpga_lite/18.1/nios2eds/bin/gnu/h-x86_64-mingw32/bin/../lib/gcc/nios2-elf/5.3.0/../../../../../H-x86_64-mingw32/nios2-elf/lib/mno-hw-mul\libc.a
LOAD c:/intelfpga_lite/18.1/nios2eds/bin/gnu/h-x86_64-mingw32/bin/../lib/gcc/nios2-elf/5.3.0/mno-hw-mul\libgcc.a
LOAD ../TesteSoftware_bsp/\libhal_bsp.a
LOAD c:/intelfpga_lite/18.1/nios2eds/bin/gnu/h-x86_64-mingw32/bin/../lib/gcc/nios2-elf/5.3.0/../../../../../H-x86_64-mingw32/nios2-elf/lib/mno-hw-mul\libm.a
END GROUP
LOAD c:/intelfpga_lite/18.1/nios2eds/bin/gnu/h-x86_64-mingw32/bin/../lib/gcc/nios2-elf/5.3.0/mno-hw-mul\libgcc.a
                0x0000000000000000                __alt_mem_MemoriaPrograma = 0x0
                0x0000000000020000                __alt_mem_MemoriaDados = 0x20000

.entry          0x0000000000000000       0x20
 *(.entry)
 .entry         0x0000000000000000       0x20 ../TesteSoftware_bsp//obj/HAL/src/crt0.o
                0x0000000000000000                __reset

.exceptions     0x0000000000000020      0x210
                0x0000000000000020                PROVIDE (__ram_exceptions_start, ABSOLUTE (.))
                0x0000000000000020                . = ALIGN (0x20)
 *(.irq)
 *(.exceptions.entry.label)
 .exceptions.entry.label
                0x0000000000000020        0x0 ../TesteSoftware_bsp/\libhal_bsp.a(alt_irq_entry.o)
                0x0000000000000020                alt_irq_entry
 .exceptions.entry.label
                0x0000000000000020        0x0 ../TesteSoftware_bsp/\libhal_bsp.a(alt_exception_entry.o)
                0x0000000000000020                alt_exception
 *(.exceptions.entry.user)
 *(.exceptions.entry.ecc_fatal)
 *(.exceptions.entry)
 .exceptions.entry
                0x0000000000000020       0x54 ../TesteSoftware_bsp/\libhal_bsp.a(alt_exception_entry.o)
 *(.exceptions.irqtest.user)
 *(.exceptions.irqtest)
 .exceptions.irqtest
                0x0000000000000074       0x10 ../TesteSoftware_bsp/\libhal_bsp.a(alt_irq_entry.o)
 *(.exceptions.irqhandler.user)
 *(.exceptions.irqhandler)
 .exceptions.irqhandler
                0x0000000000000084        0x4 ../TesteSoftware_bsp/\libhal_bsp.a(alt_irq_entry.o)
 *(.exceptions.irqreturn.user)
 *(.exceptions.irqreturn)
 .exceptions.irqreturn
                0x0000000000000088        0x4 ../TesteSoftware_bsp/\libhal_bsp.a(alt_irq_entry.o)
 *(.exceptions.notirq.label)
 .exceptions.notirq.label
                0x000000000000008c        0x0 ../TesteSoftware_bsp/\libhal_bsp.a(alt_irq_entry.o)
 *(.exceptions.notirq.user)
 *(.exceptions.notirq)
 .exceptions.notirq
                0x000000000000008c        0x8 ../TesteSoftware_bsp/\libhal_bsp.a(alt_exception_entry.o)
 *(.exceptions.soft.user)
 *(.exceptions.soft)
 *(.exceptions.unknown.user)
 *(.exceptions.unknown)
 .exceptions.unknown
                0x0000000000000094       0x14 ../TesteSoftware_bsp/\libhal_bsp.a(alt_exception_entry.o)
 *(.exceptions.exit.label)
 .exceptions.exit.label
                0x00000000000000a8        0x0 ../TesteSoftware_bsp/\libhal_bsp.a(alt_irq_entry.o)
 .exceptions.exit.label
                0x00000000000000a8        0x0 ../TesteSoftware_bsp/\libhal_bsp.a(alt_exception_entry.o)
 *(.exceptions.exit.user)
 *(.exceptions.exit)
 .exceptions.exit
                0x00000000000000a8       0x54 ../TesteSoftware_bsp/\libhal_bsp.a(alt_exception_entry.o)
 *(.exceptions)
 .exceptions    0x00000000000000fc       0xd4 ../TesteSoftware_bsp/\libhal_bsp.a(alt_irq_handler.o)
                0x00000000000000fc                alt_irq_handler
 .exceptions    0x00000000000001d0       0x60 ../TesteSoftware_bsp/\libhal_bsp.a(alt_instruction_exception_entry.o)
                0x00000000000001d0                alt_instruction_exception_entry
                0x0000000000000230                PROVIDE (__ram_exceptions_end, ABSOLUTE (.))
                0x0000000000000020                PROVIDE (__flash_exceptions_start, LOADADDR (.exceptions))

.text           0x0000000000000230     0x239c
                [!provide]                        PROVIDE (stext, ABSOLUTE (.))
 *(.interp)
 *(.hash)
 *(.dynsym)
 *(.dynstr)
 *(.gnu.version)
 *(.gnu.version_d)
 *(.gnu.version_r)
 *(.rel.init)
 *(.rela.init)
 *(.rel.text .rel.text.* .rel.gnu.linkonce.t.*)
 *(.rela.text .rela.text.* .rela.gnu.linkonce.t.*)
 *(.rel.fini)
 *(.rela.fini)
 *(.rel.rodata .rel.rodata.* .rel.gnu.linkonce.r.*)
 *(.rela.rodata .rela.rodata.* .rela.gnu.linkonce.r.*)
 *(.rel.data .rel.data.* .rel.gnu.linkonce.d.*)
 *(.rela.data .rela.data.* .rela.gnu.linkonce.d.*)
 *(.rel.tdata .rel.tdata.* .rel.gnu.linkonce.td.*)
 *(.rela.tdata .rela.tdata.* .rela.gnu.linkonce.td.*)
 *(.rel.tbss .rel.tbss.* .rel.gnu.linkonce.tb.*)
 *(.rela.tbss .rela.tbss.* .rela.gnu.linkonce.tb.*)
 *(.rel.ctors)
 *(.rela.ctors)
 *(.rel.dtors)
 *(.rela.dtors)
 *(.rel.got)
 *(.rela.got)
 *(.rel.sdata .rel.sdata.* .rel.gnu.linkonce.s.*)
 *(.rela.sdata .rela.sdata.* .rela.gnu.linkonce.s.*)
 *(.rel.sbss .rel.sbss.* .rel.gnu.linkonce.sb.*)
 *(.rela.sbss .rela.sbss.* .rela.gnu.linkonce.sb.*)
 *(.rel.sdata2 .rel.sdata2.* .rel.gnu.linkonce.s2.*)
 *(.rela.sdata2 .rela.sdata2.* .rela.gnu.linkonce.s2.*)
 *(.rel.sbss2 .rel.sbss2.* .rel.gnu.linkonce.sb2.*)
 *(.rela.sbss2 .rela.sbss2.* .rela.gnu.linkonce.sb2.*)
 *(.rel.bss .rel.bss.* .rel.gnu.linkonce.b.*)
 *(.rela.bss .rela.bss.* .rela.gnu.linkonce.b.*)
 *(.rel.plt)
 *(.rela.plt)
 *(.rel.dyn)
 *(.init)
 *(.plt)
 *(.text .stub .text.* .gnu.linkonce.t.*)
 .text          0x0000000000000230       0x3c ../TesteSoftware_bsp//obj/HAL/src/crt0.o
                0x0000000000000230                _start
 .text          0x000000000000026c      0x12c obj/default/hello_world.o
                0x000000000000026c                main
 .text          0x0000000000000398       0xec ../TesteSoftware_bsp/\libhal_bsp.a(alt_load.o)
                0x0000000000000400                alt_load
 .text          0x0000000000000484       0x7c ../TesteSoftware_bsp/\libhal_bsp.a(alt_main.o)
                0x0000000000000484                alt_main
 .text          0x0000000000000500       0xb4 ../TesteSoftware_bsp/\libhal_bsp.a(alt_sys_init.o)
                0x0000000000000534                alt_irq_init
                0x000000000000056c                alt_sys_init
 .text          0x00000000000005b4      0x164 ../TesteSoftware_bsp/\libhal_bsp.a(altera_avalon_jtag_uart_fd.o)
                0x00000000000005b4                altera_avalon_jtag_uart_read_fd
                0x0000000000000614                altera_avalon_jtag_uart_write_fd
                0x0000000000000674                altera_avalon_jtag_uart_close_fd
                0x00000000000006c4                altera_avalon_jtag_uart_ioctl_fd
 .text          0x0000000000000718      0x3d4 ../TesteSoftware_bsp/\libhal_bsp.a(altera_avalon_jtag_uart_init.o)
                0x0000000000000718                altera_avalon_jtag_uart_init
                0x0000000000000a84                altera_avalon_jtag_uart_close
 .text          0x0000000000000aec       0xf0 ../TesteSoftware_bsp/\libhal_bsp.a(altera_avalon_jtag_uart_ioctl.o)
                0x0000000000000aec                altera_avalon_jtag_uart_ioctl
 .text          0x0000000000000bdc      0x21c ../TesteSoftware_bsp/\libhal_bsp.a(altera_avalon_jtag_uart_read.o)
                0x0000000000000bdc                altera_avalon_jtag_uart_read
 .text          0x0000000000000df8      0x224 ../TesteSoftware_bsp/\libhal_bsp.a(altera_avalon_jtag_uart_write.o)
                0x0000000000000df8                altera_avalon_jtag_uart_write
 .text          0x000000000000101c      0x12c ../TesteSoftware_bsp/\libhal_bsp.a(alt_alarm_start.o)
                0x000000000000101c                alt_alarm_start
 .text          0x0000000000001148      0x114 ../TesteSoftware_bsp/\libhal_bsp.a(alt_close.o)
                0x0000000000001184                close
 .text          0x000000000000125c       0x20 ../TesteSoftware_bsp/\libhal_bsp.a(alt_dcache_flush_all.o)
                0x000000000000125c                alt_dcache_flush_all
 .text          0x000000000000127c       0x2c ../TesteSoftware_bsp/\libhal_bsp.a(alt_dev.o)
 .text          0x00000000000012a8       0xe0 ../TesteSoftware_bsp/\libhal_bsp.a(alt_dev_llist_insert.o)
                0x00000000000012e4                alt_dev_llist_insert
 .text          0x0000000000001388       0x60 ../TesteSoftware_bsp/\libhal_bsp.a(alt_do_ctors.o)
                0x0000000000001388                _do_ctors
 .text          0x00000000000013e8       0x60 ../TesteSoftware_bsp/\libhal_bsp.a(alt_do_dtors.o)
                0x00000000000013e8                _do_dtors
 .text          0x0000000000001448        0x0 ../TesteSoftware_bsp/\libhal_bsp.a(alt_errno.o)
 .text          0x0000000000001448       0x20 ../TesteSoftware_bsp/\libhal_bsp.a(alt_icache_flush_all.o)
                0x0000000000001448                alt_icache_flush_all
 .text          0x0000000000001468      0x1b0 ../TesteSoftware_bsp/\libhal_bsp.a(alt_iic.o)
                0x0000000000001468                alt_ic_isr_register
                0x00000000000014b8                alt_ic_irq_enable
                0x0000000000001540                alt_ic_irq_disable
                0x00000000000015cc                alt_ic_irq_enabled
 .text          0x0000000000001618       0xf0 ../TesteSoftware_bsp/\libhal_bsp.a(alt_iic_isr_register.o)
                0x0000000000001618                alt_iic_isr_register
 .text          0x0000000000001708      0x160 ../TesteSoftware_bsp/\libhal_bsp.a(alt_io_redirect.o)
                0x00000000000017ec                alt_io_redirect
 .text          0x0000000000001868        0x0 ../TesteSoftware_bsp/\libhal_bsp.a(alt_irq_entry.o)
 .text          0x0000000000001868        0x0 ../TesteSoftware_bsp/\libhal_bsp.a(alt_irq_handler.o)
 .text          0x0000000000001868        0x0 ../TesteSoftware_bsp/\libhal_bsp.a(alt_irq_vars.o)
 .text          0x0000000000001868      0x284 ../TesteSoftware_bsp/\libhal_bsp.a(alt_open.o)
                0x0000000000001990                open
 .text          0x0000000000001aec       0x84 ../TesteSoftware_bsp/\libhal_bsp.a(alt_release_fd.o)
                0x0000000000001aec                alt_release_fd
 .text          0x0000000000001b70      0x1a4 ../TesteSoftware_bsp/\libhal_bsp.a(alt_tick.o)
                0x0000000000001b70                alt_alarm_stop
                0x0000000000001c0c                alt_tick
 .text          0x0000000000001d14       0x24 ../TesteSoftware_bsp/\libhal_bsp.a(altera_nios2_gen2_irq.o)
                0x0000000000001d14                altera_nios2_gen2_irq_init
 .text          0x0000000000001d38        0x0 ../TesteSoftware_bsp/\libhal_bsp.a(alt_exception_entry.o)
 .text          0x0000000000001d38       0x90 ../TesteSoftware_bsp/\libhal_bsp.a(alt_find_dev.o)
                0x0000000000001d38                alt_find_dev
 .text          0x0000000000001dc8      0x108 ../TesteSoftware_bsp/\libhal_bsp.a(alt_find_file.o)
                0x0000000000001dc8                alt_find_file
 .text          0x0000000000001ed0       0xc4 ../TesteSoftware_bsp/\libhal_bsp.a(alt_get_fd.o)
                0x0000000000001ed0                alt_get_fd
 .text          0x0000000000001f94       0x9c ../TesteSoftware_bsp/\libhal_bsp.a(alt_instruction_exception_entry.o)
                0x0000000000001f94                alt_exception_cause_generated_bad_addr
 .text          0x0000000000002030        0x0 c:/intelfpga_lite/18.1/nios2eds/bin/gnu/h-x86_64-mingw32/bin/../lib/gcc/nios2-elf/5.3.0/../../../../../H-x86_64-mingw32/nios2-elf/lib/mno-hw-mul\libc.a(lib_a-atexit.o)
 .text.atexit   0x0000000000002030       0x14 c:/intelfpga_lite/18.1/nios2eds/bin/gnu/h-x86_64-mingw32/bin/../lib/gcc/nios2-elf/5.3.0/../../../../../H-x86_64-mingw32/nios2-elf/lib/mno-hw-mul\libc.a(lib_a-atexit.o)
                0x0000000000002030                atexit
 .text          0x0000000000002044        0x0 c:/intelfpga_lite/18.1/nios2eds/bin/gnu/h-x86_64-mingw32/bin/../lib/gcc/nios2-elf/5.3.0/../../../../../H-x86_64-mingw32/nios2-elf/lib/mno-hw-mul\libc.a(lib_a-exit.o)
 .text.exit     0x0000000000002044       0x38 c:/intelfpga_lite/18.1/nios2eds/bin/gnu/h-x86_64-mingw32/bin/../lib/gcc/nios2-elf/5.3.0/../../../../../H-x86_64-mingw32/nios2-elf/lib/mno-hw-mul\libc.a(lib_a-exit.o)
                0x0000000000002044                exit
 .text          0x000000000000207c        0x0 c:/intelfpga_lite/18.1/nios2eds/bin/gnu/h-x86_64-mingw32/bin/../lib/gcc/nios2-elf/5.3.0/../../../../../H-x86_64-mingw32/nios2-elf/lib/mno-hw-mul\libc.a(lib_a-impure.o)
 .text          0x000000000000207c        0x0 c:/intelfpga_lite/18.1/nios2eds/bin/gnu/h-x86_64-mingw32/bin/../lib/gcc/nios2-elf/5.3.0/../../../../../H-x86_64-mingw32/nios2-elf/lib/mno-hw-mul\libc.a(lib_a-int_errno.o)
 .text          0x000000000000207c        0x0 c:/intelfpga_lite/18.1/nios2eds/bin/gnu/h-x86_64-mingw32/bin/../lib/gcc/nios2-elf/5.3.0/../../../../../H-x86_64-mingw32/nios2-elf/lib/mno-hw-mul\libc.a(lib_a-memcmp.o)
 .text.memcmp   0x000000000000207c       0x7c c:/intelfpga_lite/18.1/nios2eds/bin/gnu/h-x86_64-mingw32/bin/../lib/gcc/nios2-elf/5.3.0/../../../../../H-x86_64-mingw32/nios2-elf/lib/mno-hw-mul\libc.a(lib_a-memcmp.o)
                0x000000000000207c                memcmp
 .text          0x00000000000020f8        0x0 c:/intelfpga_lite/18.1/nios2eds/bin/gnu/h-x86_64-mingw32/bin/../lib/gcc/nios2-elf/5.3.0/../../../../../H-x86_64-mingw32/nios2-elf/lib/mno-hw-mul\libc.a(lib_a-memcpy.o)
 .text.memcpy   0x00000000000020f8      0x148 c:/intelfpga_lite/18.1/nios2eds/bin/gnu/h-x86_64-mingw32/bin/../lib/gcc/nios2-elf/5.3.0/../../../../../H-x86_64-mingw32/nios2-elf/lib/mno-hw-mul\libc.a(lib_a-memcpy.o)
                0x00000000000020f8                memcpy
 .text          0x0000000000002240        0x0 c:/intelfpga_lite/18.1/nios2eds/bin/gnu/h-x86_64-mingw32/bin/../lib/gcc/nios2-elf/5.3.0/../../../../../H-x86_64-mingw32/nios2-elf/lib/mno-hw-mul\libc.a(lib_a-strlen.o)
 .text.strlen   0x0000000000002240       0x98 c:/intelfpga_lite/18.1/nios2eds/bin/gnu/h-x86_64-mingw32/bin/../lib/gcc/nios2-elf/5.3.0/../../../../../H-x86_64-mingw32/nios2-elf/lib/mno-hw-mul\libc.a(lib_a-strlen.o)
                0x0000000000002240                strlen
 .text          0x00000000000022d8        0x0 c:/intelfpga_lite/18.1/nios2eds/bin/gnu/h-x86_64-mingw32/bin/../lib/gcc/nios2-elf/5.3.0/../../../../../H-x86_64-mingw32/nios2-elf/lib/mno-hw-mul\libc.a(lib_a-__atexit.o)
 .text.__register_exitproc
                0x00000000000022d8      0x118 c:/intelfpga_lite/18.1/nios2eds/bin/gnu/h-x86_64-mingw32/bin/../lib/gcc/nios2-elf/5.3.0/../../../../../H-x86_64-mingw32/nios2-elf/lib/mno-hw-mul\libc.a(lib_a-__atexit.o)
                0x00000000000022d8                __register_exitproc
 .text          0x00000000000023f0        0x0 c:/intelfpga_lite/18.1/nios2eds/bin/gnu/h-x86_64-mingw32/bin/../lib/gcc/nios2-elf/5.3.0/../../../../../H-x86_64-mingw32/nios2-elf/lib/mno-hw-mul\libc.a(lib_a-__call_atexit.o)
 .text.__call_exitprocs
                0x00000000000023f0      0x180 c:/intelfpga_lite/18.1/nios2eds/bin/gnu/h-x86_64-mingw32/bin/../lib/gcc/nios2-elf/5.3.0/../../../../../H-x86_64-mingw32/nios2-elf/lib/mno-hw-mul\libc.a(lib_a-__call_atexit.o)
                0x00000000000023f0                __call_exitprocs
 .text          0x0000000000002570       0x28 c:/intelfpga_lite/18.1/nios2eds/bin/gnu/h-x86_64-mingw32/bin/../lib/gcc/nios2-elf/5.3.0/mno-hw-mul\libgcc.a(lib2-mul.o)
                0x0000000000002570                __mulsi3
 .text          0x0000000000002598       0x34 ../TesteSoftware_bsp/\libhal_bsp.a(alt_exit.o)
                0x0000000000002598                _exit
 *(.gnu.warning.*)
 *(.fini)
                [!provide]                        PROVIDE (__etext, ABSOLUTE (.))
                [!provide]                        PROVIDE (_etext, ABSOLUTE (.))
                [!provide]                        PROVIDE (etext, ABSOLUTE (.))
 *(.eh_frame_hdr)
                0x00000000000025cc                . = ALIGN (0x4)
                [!provide]                        PROVIDE (__preinit_array_start, ABSOLUTE (.))
 *(.preinit_array)
                [!provide]                        PROVIDE (__preinit_array_end, ABSOLUTE (.))
                [!provide]                        PROVIDE (__init_array_start, ABSOLUTE (.))
 *(.init_array)
                [!provide]                        PROVIDE (__init_array_end, ABSOLUTE (.))
                [!provide]                        PROVIDE (__fini_array_start, ABSOLUTE (.))
 *(.fini_array)
                [!provide]                        PROVIDE (__fini_array_end, ABSOLUTE (.))
 *(.eh_frame)
 *(.gcc_except_table .gcc_except_table.*)
 *(.dynamic)
                0x00000000000025cc                PROVIDE (__CTOR_LIST__, ABSOLUTE (.))
 *(.ctors)
 *(SORT(.ctors.*))
                0x00000000000025cc                PROVIDE (__CTOR_END__, ABSOLUTE (.))
                0x00000000000025cc                PROVIDE (__DTOR_LIST__, ABSOLUTE (.))
 *(.dtors)
 *(SORT(.dtors.*))
                0x00000000000025cc                PROVIDE (__DTOR_END__, ABSOLUTE (.))
 *(.jcr)
                0x00000000000025cc                . = ALIGN (0x4)

.rodata         0x00000000000025cc       0x30
                0x00000000000025cc                PROVIDE (__ram_rodata_start, ABSOLUTE (.))
                0x00000000000025cc                . = ALIGN (0x4)
 *(.rodata .rodata.* .gnu.linkonce.r.*)
 .rodata        0x00000000000025cc        0xf ../TesteSoftware_bsp/\libhal_bsp.a(alt_main.o)
 *fill*         0x00000000000025db        0x1 
 .rodata        0x00000000000025dc        0xf ../TesteSoftware_bsp/\libhal_bsp.a(alt_sys_init.o)
 *fill*         0x00000000000025eb        0x1 
 .rodata        0x00000000000025ec        0xa ../TesteSoftware_bsp/\libhal_bsp.a(alt_dev.o)
 *fill*         0x00000000000025f6        0x2 
 .rodata.str1.4
                0x00000000000025f8        0x4 c:/intelfpga_lite/18.1/nios2eds/bin/gnu/h-x86_64-mingw32/bin/../lib/gcc/nios2-elf/5.3.0/../../../../../H-x86_64-mingw32/nios2-elf/lib/mno-hw-mul\libc.a(lib_a-impure.o)
                                          0x2 (size before relaxing)
 *(.rodata1)
                0x00000000000025fc                . = ALIGN (0x4)
                0x00000000000025fc                PROVIDE (__ram_rodata_end, ABSOLUTE (.))
                0x00000000000025cc                PROVIDE (__flash_rodata_start, LOADADDR (.rodata))

.rwdata         0x00000000000025fc     0x1658 load address 0x0000000000003c54
                0x00000000000025fc                PROVIDE (__ram_rwdata_start, ABSOLUTE (.))
                0x00000000000025fc                . = ALIGN (0x4)
 *(.got.plt)
 *(.got)
 *(.data1)
 *(.data .data.* .gnu.linkonce.d.*)
 .data          0x00000000000025fc        0x0 ../TesteSoftware_bsp//obj/HAL/src/crt0.o
 .data          0x00000000000025fc        0x0 obj/default/hello_world.o
 .data          0x00000000000025fc        0x0 ../TesteSoftware_bsp/\libhal_bsp.a(alt_load.o)
 .data          0x00000000000025fc        0x0 ../TesteSoftware_bsp/\libhal_bsp.a(alt_main.o)
 .data          0x00000000000025fc     0x1060 ../TesteSoftware_bsp/\libhal_bsp.a(alt_sys_init.o)
 .data          0x000000000000365c        0x0 ../TesteSoftware_bsp/\libhal_bsp.a(altera_avalon_jtag_uart_fd.o)
 .data          0x000000000000365c        0x0 ../TesteSoftware_bsp/\libhal_bsp.a(altera_avalon_jtag_uart_init.o)
 .data          0x000000000000365c        0x0 ../TesteSoftware_bsp/\libhal_bsp.a(altera_avalon_jtag_uart_ioctl.o)
 .data          0x000000000000365c        0x0 ../TesteSoftware_bsp/\libhal_bsp.a(altera_avalon_jtag_uart_read.o)
 .data          0x000000000000365c        0x0 ../TesteSoftware_bsp/\libhal_bsp.a(altera_avalon_jtag_uart_write.o)
 .data          0x000000000000365c        0x0 ../TesteSoftware_bsp/\libhal_bsp.a(alt_alarm_start.o)
 .data          0x000000000000365c        0x0 ../TesteSoftware_bsp/\libhal_bsp.a(alt_close.o)
 .data          0x000000000000365c        0x0 ../TesteSoftware_bsp/\libhal_bsp.a(alt_dcache_flush_all.o)
 .data          0x000000000000365c      0x1a8 ../TesteSoftware_bsp/\libhal_bsp.a(alt_dev.o)
                0x000000000000365c                alt_dev_null
                0x0000000000003684                alt_fd_list
 .data          0x0000000000003804        0x0 ../TesteSoftware_bsp/\libhal_bsp.a(alt_dev_llist_insert.o)
 .data          0x0000000000003804        0x0 ../TesteSoftware_bsp/\libhal_bsp.a(alt_do_ctors.o)
 .data          0x0000000000003804        0x0 ../TesteSoftware_bsp/\libhal_bsp.a(alt_do_dtors.o)
 .data          0x0000000000003804        0x0 ../TesteSoftware_bsp/\libhal_bsp.a(alt_errno.o)
 .data          0x0000000000003804        0x0 ../TesteSoftware_bsp/\libhal_bsp.a(alt_icache_flush_all.o)
 .data          0x0000000000003804        0x0 ../TesteSoftware_bsp/\libhal_bsp.a(alt_iic.o)
 .data          0x0000000000003804        0x0 ../TesteSoftware_bsp/\libhal_bsp.a(alt_iic_isr_register.o)
 .data          0x0000000000003804        0x0 ../TesteSoftware_bsp/\libhal_bsp.a(alt_io_redirect.o)
 .data          0x0000000000003804        0x0 ../TesteSoftware_bsp/\libhal_bsp.a(alt_irq_entry.o)
 .data          0x0000000000003804        0x0 ../TesteSoftware_bsp/\libhal_bsp.a(alt_irq_handler.o)
 .data          0x0000000000003804        0x0 ../TesteSoftware_bsp/\libhal_bsp.a(alt_irq_vars.o)
 .data          0x0000000000003804        0x0 ../TesteSoftware_bsp/\libhal_bsp.a(alt_open.o)
 .data          0x0000000000003804        0x0 ../TesteSoftware_bsp/\libhal_bsp.a(alt_release_fd.o)
 .data          0x0000000000003804        0x0 ../TesteSoftware_bsp/\libhal_bsp.a(alt_tick.o)
 .data          0x0000000000003804        0x0 ../TesteSoftware_bsp/\libhal_bsp.a(altera_nios2_gen2_irq.o)
 .data          0x0000000000003804        0x0 ../TesteSoftware_bsp/\libhal_bsp.a(alt_exception_entry.o)
 .data          0x0000000000003804        0x0 ../TesteSoftware_bsp/\libhal_bsp.a(alt_find_dev.o)
 .data          0x0000000000003804        0x0 ../TesteSoftware_bsp/\libhal_bsp.a(alt_find_file.o)
 .data          0x0000000000003804        0x0 ../TesteSoftware_bsp/\libhal_bsp.a(alt_get_fd.o)
 .data          0x0000000000003804        0x0 ../TesteSoftware_bsp/\libhal_bsp.a(alt_instruction_exception_entry.o)
 .data          0x0000000000003804        0x0 c:/intelfpga_lite/18.1/nios2eds/bin/gnu/h-x86_64-mingw32/bin/../lib/gcc/nios2-elf/5.3.0/../../../../../H-x86_64-mingw32/nios2-elf/lib/mno-hw-mul\libc.a(lib_a-atexit.o)
 .data          0x0000000000003804        0x0 c:/intelfpga_lite/18.1/nios2eds/bin/gnu/h-x86_64-mingw32/bin/../lib/gcc/nios2-elf/5.3.0/../../../../../H-x86_64-mingw32/nios2-elf/lib/mno-hw-mul\libc.a(lib_a-exit.o)
 .data          0x0000000000003804        0x0 c:/intelfpga_lite/18.1/nios2eds/bin/gnu/h-x86_64-mingw32/bin/../lib/gcc/nios2-elf/5.3.0/../../../../../H-x86_64-mingw32/nios2-elf/lib/mno-hw-mul\libc.a(lib_a-impure.o)
 .data.impure_data
                0x0000000000003804      0x424 c:/intelfpga_lite/18.1/nios2eds/bin/gnu/h-x86_64-mingw32/bin/../lib/gcc/nios2-elf/5.3.0/../../../../../H-x86_64-mingw32/nios2-elf/lib/mno-hw-mul\libc.a(lib_a-impure.o)
 .data          0x0000000000003c28        0x0 c:/intelfpga_lite/18.1/nios2eds/bin/gnu/h-x86_64-mingw32/bin/../lib/gcc/nios2-elf/5.3.0/../../../../../H-x86_64-mingw32/nios2-elf/lib/mno-hw-mul\libc.a(lib_a-int_errno.o)
 .data          0x0000000000003c28        0x0 c:/intelfpga_lite/18.1/nios2eds/bin/gnu/h-x86_64-mingw32/bin/../lib/gcc/nios2-elf/5.3.0/../../../../../H-x86_64-mingw32/nios2-elf/lib/mno-hw-mul\libc.a(lib_a-memcmp.o)
 .data          0x0000000000003c28        0x0 c:/intelfpga_lite/18.1/nios2eds/bin/gnu/h-x86_64-mingw32/bin/../lib/gcc/nios2-elf/5.3.0/../../../../../H-x86_64-mingw32/nios2-elf/lib/mno-hw-mul\libc.a(lib_a-memcpy.o)
 .data          0x0000000000003c28        0x0 c:/intelfpga_lite/18.1/nios2eds/bin/gnu/h-x86_64-mingw32/bin/../lib/gcc/nios2-elf/5.3.0/../../../../../H-x86_64-mingw32/nios2-elf/lib/mno-hw-mul\libc.a(lib_a-strlen.o)
 .data          0x0000000000003c28        0x0 c:/intelfpga_lite/18.1/nios2eds/bin/gnu/h-x86_64-mingw32/bin/../lib/gcc/nios2-elf/5.3.0/../../../../../H-x86_64-mingw32/nios2-elf/lib/mno-hw-mul\libc.a(lib_a-__atexit.o)
 .data          0x0000000000003c28        0x0 c:/intelfpga_lite/18.1/nios2eds/bin/gnu/h-x86_64-mingw32/bin/../lib/gcc/nios2-elf/5.3.0/../../../../../H-x86_64-mingw32/nios2-elf/lib/mno-hw-mul\libc.a(lib_a-__call_atexit.o)
 .data          0x0000000000003c28        0x0 c:/intelfpga_lite/18.1/nios2eds/bin/gnu/h-x86_64-mingw32/bin/../lib/gcc/nios2-elf/5.3.0/mno-hw-mul\libgcc.a(lib2-mul.o)
 .data          0x0000000000003c28        0x0 ../TesteSoftware_bsp/\libhal_bsp.a(alt_exit.o)
                0x000000000000bc28                _gp = ABSOLUTE ((. + 0x8000))
                [!provide]                        PROVIDE (gp, _gp)
 *(.rwdata .rwdata.*)
 *(.sdata .sdata.* .gnu.linkonce.s.*)
 .sdata         0x0000000000003c28       0x14 ../TesteSoftware_bsp/\libhal_bsp.a(alt_dev.o)
                0x0000000000003c28                alt_fs_list
                0x0000000000003c30                alt_dev_list
                0x0000000000003c38                alt_max_fd
 .sdata         0x0000000000003c3c        0x4 ../TesteSoftware_bsp/\libhal_bsp.a(alt_errno.o)
                0x0000000000003c3c                alt_errno
 .sdata         0x0000000000003c40        0x4 ../TesteSoftware_bsp/\libhal_bsp.a(alt_irq_vars.o)
                0x0000000000003c40                alt_priority_mask
 .sdata         0x0000000000003c44        0x8 ../TesteSoftware_bsp/\libhal_bsp.a(alt_tick.o)
                0x0000000000003c44                alt_alarm_list
 .sdata._global_impure_ptr
                0x0000000000003c4c        0x4 c:/intelfpga_lite/18.1/nios2eds/bin/gnu/h-x86_64-mingw32/bin/../lib/gcc/nios2-elf/5.3.0/../../../../../H-x86_64-mingw32/nios2-elf/lib/mno-hw-mul\libc.a(lib_a-impure.o)
                0x0000000000003c4c                _global_impure_ptr
 .sdata._impure_ptr
                0x0000000000003c50        0x4 c:/intelfpga_lite/18.1/nios2eds/bin/gnu/h-x86_64-mingw32/bin/../lib/gcc/nios2-elf/5.3.0/../../../../../H-x86_64-mingw32/nios2-elf/lib/mno-hw-mul\libc.a(lib_a-impure.o)
                0x0000000000003c50                _impure_ptr
 *(.sdata2 .sdata2.* .gnu.linkonce.s2.*)
                0x0000000000003c54                . = ALIGN (0x4)
                0x0000000000003c54                _edata = ABSOLUTE (.)
                [!provide]                        PROVIDE (edata, ABSOLUTE (.))
                0x0000000000003c54                PROVIDE (__ram_rwdata_end, ABSOLUTE (.))
                0x0000000000003c54                PROVIDE (__flash_rwdata_start, LOADADDR (.rwdata))

.bss            0x00000000000052ac      0x128
                0x00000000000052ac                __bss_start = ABSOLUTE (.)
                [!provide]                        PROVIDE (__sbss_start, ABSOLUTE (.))
                [!provide]                        PROVIDE (___sbss_start, ABSOLUTE (.))
 *(.dynsbss)
 *(.sbss .sbss.* .gnu.linkonce.sb.*)
 .sbss          0x00000000000052ac        0x8 obj/default/hello_world.o
                0x00000000000052ac                i
                0x00000000000052b0                size
 .sbss          0x00000000000052b4        0xc ../TesteSoftware_bsp/\libhal_bsp.a(alt_main.o)
                0x00000000000052b4                alt_argc
                0x00000000000052b8                alt_argv
                0x00000000000052bc                alt_envp
 .sbss          0x00000000000052c0        0x4 ../TesteSoftware_bsp/\libhal_bsp.a(alt_irq_vars.o)
                0x00000000000052c0                alt_irq_active
 .sbss          0x00000000000052c4        0x8 ../TesteSoftware_bsp/\libhal_bsp.a(alt_tick.o)
                0x00000000000052c4                _alt_tick_rate
                0x00000000000052c8                _alt_nticks
 .sbss          0x00000000000052cc        0x4 ../TesteSoftware_bsp/\libhal_bsp.a(alt_instruction_exception_entry.o)
                0x00000000000052cc                alt_instruction_exception_handler
 .sbss          0x00000000000052d0        0x4 c:/intelfpga_lite/18.1/nios2eds/bin/gnu/h-x86_64-mingw32/bin/../lib/gcc/nios2-elf/5.3.0/../../../../../H-x86_64-mingw32/nios2-elf/lib/mno-hw-mul\libc.a(lib_a-int_errno.o)
                0x00000000000052d0                errno
 *(.sbss2 .sbss2.* .gnu.linkonce.sb2.*)
 *(.scommon)
                [!provide]                        PROVIDE (__sbss_end, ABSOLUTE (.))
                [!provide]                        PROVIDE (___sbss_end, ABSOLUTE (.))
 *(.dynbss)
 *(.bss .bss.* .gnu.linkonce.b.*)
 .bss           0x00000000000052d4        0x0 ../TesteSoftware_bsp//obj/HAL/src/crt0.o
 .bss           0x00000000000052d4        0x0 obj/default/hello_world.o
 .bss           0x00000000000052d4        0x0 ../TesteSoftware_bsp/\libhal_bsp.a(alt_load.o)
 .bss           0x00000000000052d4        0x0 ../TesteSoftware_bsp/\libhal_bsp.a(alt_main.o)
 .bss           0x00000000000052d4        0x0 ../TesteSoftware_bsp/\libhal_bsp.a(alt_sys_init.o)
 .bss           0x00000000000052d4        0x0 ../TesteSoftware_bsp/\libhal_bsp.a(altera_avalon_jtag_uart_fd.o)
 .bss           0x00000000000052d4        0x0 ../TesteSoftware_bsp/\libhal_bsp.a(altera_avalon_jtag_uart_init.o)
 .bss           0x00000000000052d4        0x0 ../TesteSoftware_bsp/\libhal_bsp.a(altera_avalon_jtag_uart_ioctl.o)
 .bss           0x00000000000052d4        0x0 ../TesteSoftware_bsp/\libhal_bsp.a(altera_avalon_jtag_uart_read.o)
 .bss           0x00000000000052d4        0x0 ../TesteSoftware_bsp/\libhal_bsp.a(altera_avalon_jtag_uart_write.o)
 .bss           0x00000000000052d4        0x0 ../TesteSoftware_bsp/\libhal_bsp.a(alt_alarm_start.o)
 .bss           0x00000000000052d4        0x0 ../TesteSoftware_bsp/\libhal_bsp.a(alt_close.o)
 .bss           0x00000000000052d4        0x0 ../TesteSoftware_bsp/\libhal_bsp.a(alt_dcache_flush_all.o)
 .bss           0x00000000000052d4        0x0 ../TesteSoftware_bsp/\libhal_bsp.a(alt_dev.o)
 .bss           0x00000000000052d4        0x0 ../TesteSoftware_bsp/\libhal_bsp.a(alt_dev_llist_insert.o)
 .bss           0x00000000000052d4        0x0 ../TesteSoftware_bsp/\libhal_bsp.a(alt_do_ctors.o)
 .bss           0x00000000000052d4        0x0 ../TesteSoftware_bsp/\libhal_bsp.a(alt_do_dtors.o)
 .bss           0x00000000000052d4        0x0 ../TesteSoftware_bsp/\libhal_bsp.a(alt_errno.o)
 .bss           0x00000000000052d4        0x0 ../TesteSoftware_bsp/\libhal_bsp.a(alt_icache_flush_all.o)
 .bss           0x00000000000052d4        0x0 ../TesteSoftware_bsp/\libhal_bsp.a(alt_iic.o)
 .bss           0x00000000000052d4        0x0 ../TesteSoftware_bsp/\libhal_bsp.a(alt_iic_isr_register.o)
 .bss           0x00000000000052d4        0x0 ../TesteSoftware_bsp/\libhal_bsp.a(alt_io_redirect.o)
 .bss           0x00000000000052d4        0x0 ../TesteSoftware_bsp/\libhal_bsp.a(alt_irq_entry.o)
 .bss           0x00000000000052d4        0x0 ../TesteSoftware_bsp/\libhal_bsp.a(alt_irq_handler.o)
 .bss           0x00000000000052d4        0x0 ../TesteSoftware_bsp/\libhal_bsp.a(alt_irq_vars.o)
 .bss           0x00000000000052d4        0x0 ../TesteSoftware_bsp/\libhal_bsp.a(alt_open.o)
 .bss           0x00000000000052d4        0x0 ../TesteSoftware_bsp/\libhal_bsp.a(alt_release_fd.o)
 .bss           0x00000000000052d4        0x0 ../TesteSoftware_bsp/\libhal_bsp.a(alt_tick.o)
 .bss           0x00000000000052d4        0x0 ../TesteSoftware_bsp/\libhal_bsp.a(altera_nios2_gen2_irq.o)
 .bss           0x00000000000052d4        0x0 ../TesteSoftware_bsp/\libhal_bsp.a(alt_exception_entry.o)
 .bss           0x00000000000052d4        0x0 ../TesteSoftware_bsp/\libhal_bsp.a(alt_find_dev.o)
 .bss           0x00000000000052d4        0x0 ../TesteSoftware_bsp/\libhal_bsp.a(alt_find_file.o)
 .bss           0x00000000000052d4        0x0 ../TesteSoftware_bsp/\libhal_bsp.a(alt_get_fd.o)
 .bss           0x00000000000052d4        0x0 ../TesteSoftware_bsp/\libhal_bsp.a(alt_instruction_exception_entry.o)
 .bss           0x00000000000052d4        0x0 c:/intelfpga_lite/18.1/nios2eds/bin/gnu/h-x86_64-mingw32/bin/../lib/gcc/nios2-elf/5.3.0/../../../../../H-x86_64-mingw32/nios2-elf/lib/mno-hw-mul\libc.a(lib_a-atexit.o)
 .bss           0x00000000000052d4        0x0 c:/intelfpga_lite/18.1/nios2eds/bin/gnu/h-x86_64-mingw32/bin/../lib/gcc/nios2-elf/5.3.0/../../../../../H-x86_64-mingw32/nios2-elf/lib/mno-hw-mul\libc.a(lib_a-exit.o)
 .bss           0x00000000000052d4        0x0 c:/intelfpga_lite/18.1/nios2eds/bin/gnu/h-x86_64-mingw32/bin/../lib/gcc/nios2-elf/5.3.0/../../../../../H-x86_64-mingw32/nios2-elf/lib/mno-hw-mul\libc.a(lib_a-impure.o)
 .bss           0x00000000000052d4        0x0 c:/intelfpga_lite/18.1/nios2eds/bin/gnu/h-x86_64-mingw32/bin/../lib/gcc/nios2-elf/5.3.0/../../../../../H-x86_64-mingw32/nios2-elf/lib/mno-hw-mul\libc.a(lib_a-int_errno.o)
 .bss           0x00000000000052d4        0x0 c:/intelfpga_lite/18.1/nios2eds/bin/gnu/h-x86_64-mingw32/bin/../lib/gcc/nios2-elf/5.3.0/../../../../../H-x86_64-mingw32/nios2-elf/lib/mno-hw-mul\libc.a(lib_a-memcmp.o)
 .bss           0x00000000000052d4        0x0 c:/intelfpga_lite/18.1/nios2eds/bin/gnu/h-x86_64-mingw32/bin/../lib/gcc/nios2-elf/5.3.0/../../../../../H-x86_64-mingw32/nios2-elf/lib/mno-hw-mul\libc.a(lib_a-memcpy.o)
 .bss           0x00000000000052d4        0x0 c:/intelfpga_lite/18.1/nios2eds/bin/gnu/h-x86_64-mingw32/bin/../lib/gcc/nios2-elf/5.3.0/../../../../../H-x86_64-mingw32/nios2-elf/lib/mno-hw-mul\libc.a(lib_a-strlen.o)
 .bss           0x00000000000052d4        0x0 c:/intelfpga_lite/18.1/nios2eds/bin/gnu/h-x86_64-mingw32/bin/../lib/gcc/nios2-elf/5.3.0/../../../../../H-x86_64-mingw32/nios2-elf/lib/mno-hw-mul\libc.a(lib_a-__atexit.o)
 .bss           0x00000000000052d4        0x0 c:/intelfpga_lite/18.1/nios2eds/bin/gnu/h-x86_64-mingw32/bin/../lib/gcc/nios2-elf/5.3.0/../../../../../H-x86_64-mingw32/nios2-elf/lib/mno-hw-mul\libc.a(lib_a-__call_atexit.o)
 .bss           0x00000000000052d4        0x0 c:/intelfpga_lite/18.1/nios2eds/bin/gnu/h-x86_64-mingw32/bin/../lib/gcc/nios2-elf/5.3.0/mno-hw-mul\libgcc.a(lib2-mul.o)
 .bss           0x00000000000052d4        0x0 ../TesteSoftware_bsp/\libhal_bsp.a(alt_exit.o)
 *(COMMON)
 COMMON         0x00000000000052d4      0x100 ../TesteSoftware_bsp/\libhal_bsp.a(alt_irq_handler.o)
                0x00000000000052d4                alt_irq
                0x00000000000053d4                . = ALIGN (0x4)
                0x00000000000053d4                __bss_end = ABSOLUTE (.)

.MemoriaPrograma
                0x00000000000053d4        0x0
                [!provide]                        PROVIDE (_alt_partition_MemoriaPrograma_start, ABSOLUTE (.))
 *(.MemoriaPrograma .MemoriaPrograma. MemoriaPrograma.*)
                0x00000000000053d4                . = ALIGN (0x4)
                [!provide]                        PROVIDE (_alt_partition_MemoriaPrograma_end, ABSOLUTE (.))
                0x00000000000053d4                _end = ABSOLUTE (.)
                0x00000000000053d4                end = ABSOLUTE (.)
                0x00000000000053d4                __alt_stack_base = ABSOLUTE (.)
                [!provide]                        PROVIDE (_alt_partition_MemoriaPrograma_load_addr, LOADADDR (.MemoriaPrograma))

.MemoriaDados   0x0000000000020000        0x0 load address 0x00000000000053d4
                [!provide]                        PROVIDE (_alt_partition_MemoriaDados_start, ABSOLUTE (.))
 *(.MemoriaDados .MemoriaDados. MemoriaDados.*)
                0x0000000000020000                . = ALIGN (0x4)
                [!provide]                        PROVIDE (_alt_partition_MemoriaDados_end, ABSOLUTE (.))
                [!provide]                        PROVIDE (_alt_partition_MemoriaDados_load_addr, LOADADDR (.MemoriaDados))

.stab
 *(.stab)

.stabstr
 *(.stabstr)

.stab.excl
 *(.stab.excl)

.stab.exclstr
 *(.stab.exclstr)

.stab.index
 *(.stab.index)

.stab.indexstr
 *(.stab.indexstr)

.comment        0x0000000000000000       0x23
 *(.comment)
 .comment       0x0000000000000000       0x23 obj/default/hello_world.o
                                         0x24 (size before relaxing)
 .comment       0x0000000000000023       0x24 ../TesteSoftware_bsp/\libhal_bsp.a(alt_load.o)
 .comment       0x0000000000000023       0x24 ../TesteSoftware_bsp/\libhal_bsp.a(alt_main.o)
 .comment       0x0000000000000023       0x24 ../TesteSoftware_bsp/\libhal_bsp.a(alt_sys_init.o)
 .comment       0x0000000000000023       0x24 ../TesteSoftware_bsp/\libhal_bsp.a(altera_avalon_jtag_uart_fd.o)
 .comment       0x0000000000000023       0x24 ../TesteSoftware_bsp/\libhal_bsp.a(altera_avalon_jtag_uart_init.o)
 .comment       0x0000000000000023       0x24 ../TesteSoftware_bsp/\libhal_bsp.a(altera_avalon_jtag_uart_ioctl.o)
 .comment       0x0000000000000023       0x24 ../TesteSoftware_bsp/\libhal_bsp.a(altera_avalon_jtag_uart_read.o)
 .comment       0x0000000000000023       0x24 ../TesteSoftware_bsp/\libhal_bsp.a(altera_avalon_jtag_uart_write.o)
 .comment       0x0000000000000023       0x24 ../TesteSoftware_bsp/\libhal_bsp.a(alt_alarm_start.o)
 .comment       0x0000000000000023       0x24 ../TesteSoftware_bsp/\libhal_bsp.a(alt_close.o)
 .comment       0x0000000000000023       0x24 ../TesteSoftware_bsp/\libhal_bsp.a(alt_dcache_flush_all.o)
 .comment       0x0000000000000023       0x24 ../TesteSoftware_bsp/\libhal_bsp.a(alt_dev.o)
 .comment       0x0000000000000023       0x24 ../TesteSoftware_bsp/\libhal_bsp.a(alt_dev_llist_insert.o)
 .comment       0x0000000000000023       0x24 ../TesteSoftware_bsp/\libhal_bsp.a(alt_do_ctors.o)
 .comment       0x0000000000000023       0x24 ../TesteSoftware_bsp/\libhal_bsp.a(alt_do_dtors.o)
 .comment       0x0000000000000023       0x24 ../TesteSoftware_bsp/\libhal_bsp.a(alt_errno.o)
 .comment       0x0000000000000023       0x24 ../TesteSoftware_bsp/\libhal_bsp.a(alt_icache_flush_all.o)
 .comment       0x0000000000000023       0x24 ../TesteSoftware_bsp/\libhal_bsp.a(alt_iic.o)
 .comment       0x0000000000000023       0x24 ../TesteSoftware_bsp/\libhal_bsp.a(alt_iic_isr_register.o)
 .comment       0x0000000000000023       0x24 ../TesteSoftware_bsp/\libhal_bsp.a(alt_io_redirect.o)
 .comment       0x0000000000000023       0x24 ../TesteSoftware_bsp/\libhal_bsp.a(alt_irq_handler.o)
 .comment       0x0000000000000023       0x24 ../TesteSoftware_bsp/\libhal_bsp.a(alt_irq_vars.o)
 .comment       0x0000000000000023       0x24 ../TesteSoftware_bsp/\libhal_bsp.a(alt_open.o)
 .comment       0x0000000000000023       0x24 ../TesteSoftware_bsp/\libhal_bsp.a(alt_release_fd.o)
 .comment       0x0000000000000023       0x24 ../TesteSoftware_bsp/\libhal_bsp.a(alt_tick.o)
 .comment       0x0000000000000023       0x24 ../TesteSoftware_bsp/\libhal_bsp.a(altera_nios2_gen2_irq.o)
 .comment       0x0000000000000023       0x24 ../TesteSoftware_bsp/\libhal_bsp.a(alt_find_dev.o)
 .comment       0x0000000000000023       0x24 ../TesteSoftware_bsp/\libhal_bsp.a(alt_find_file.o)
 .comment       0x0000000000000023       0x24 ../TesteSoftware_bsp/\libhal_bsp.a(alt_get_fd.o)
 .comment       0x0000000000000023       0x24 ../TesteSoftware_bsp/\libhal_bsp.a(alt_instruction_exception_entry.o)
 .comment       0x0000000000000023       0x24 c:/intelfpga_lite/18.1/nios2eds/bin/gnu/h-x86_64-mingw32/bin/../lib/gcc/nios2-elf/5.3.0/../../../../../H-x86_64-mingw32/nios2-elf/lib/mno-hw-mul\libc.a(lib_a-atexit.o)
 .comment       0x0000000000000023       0x24 c:/intelfpga_lite/18.1/nios2eds/bin/gnu/h-x86_64-mingw32/bin/../lib/gcc/nios2-elf/5.3.0/../../../../../H-x86_64-mingw32/nios2-elf/lib/mno-hw-mul\libc.a(lib_a-exit.o)
 .comment       0x0000000000000023       0x24 c:/intelfpga_lite/18.1/nios2eds/bin/gnu/h-x86_64-mingw32/bin/../lib/gcc/nios2-elf/5.3.0/../../../../../H-x86_64-mingw32/nios2-elf/lib/mno-hw-mul\libc.a(lib_a-impure.o)
 .comment       0x0000000000000023       0x24 c:/intelfpga_lite/18.1/nios2eds/bin/gnu/h-x86_64-mingw32/bin/../lib/gcc/nios2-elf/5.3.0/../../../../../H-x86_64-mingw32/nios2-elf/lib/mno-hw-mul\libc.a(lib_a-int_errno.o)
 .comment       0x0000000000000023       0x24 c:/intelfpga_lite/18.1/nios2eds/bin/gnu/h-x86_64-mingw32/bin/../lib/gcc/nios2-elf/5.3.0/../../../../../H-x86_64-mingw32/nios2-elf/lib/mno-hw-mul\libc.a(lib_a-memcmp.o)
 .comment       0x0000000000000023       0x24 c:/intelfpga_lite/18.1/nios2eds/bin/gnu/h-x86_64-mingw32/bin/../lib/gcc/nios2-elf/5.3.0/../../../../../H-x86_64-mingw32/nios2-elf/lib/mno-hw-mul\libc.a(lib_a-memcpy.o)
 .comment       0x0000000000000023       0x24 c:/intelfpga_lite/18.1/nios2eds/bin/gnu/h-x86_64-mingw32/bin/../lib/gcc/nios2-elf/5.3.0/../../../../../H-x86_64-mingw32/nios2-elf/lib/mno-hw-mul\libc.a(lib_a-strlen.o)
 .comment       0x0000000000000023       0x24 c:/intelfpga_lite/18.1/nios2eds/bin/gnu/h-x86_64-mingw32/bin/../lib/gcc/nios2-elf/5.3.0/../../../../../H-x86_64-mingw32/nios2-elf/lib/mno-hw-mul\libc.a(lib_a-__atexit.o)
 .comment       0x0000000000000023       0x24 c:/intelfpga_lite/18.1/nios2eds/bin/gnu/h-x86_64-mingw32/bin/../lib/gcc/nios2-elf/5.3.0/../../../../../H-x86_64-mingw32/nios2-elf/lib/mno-hw-mul\libc.a(lib_a-__call_atexit.o)
 .comment       0x0000000000000023       0x24 c:/intelfpga_lite/18.1/nios2eds/bin/gnu/h-x86_64-mingw32/bin/../lib/gcc/nios2-elf/5.3.0/mno-hw-mul\libgcc.a(lib2-mul.o)
 .comment       0x0000000000000023       0x24 ../TesteSoftware_bsp/\libhal_bsp.a(alt_exit.o)

.debug
 *(.debug)

.line
 *(.line)

.debug_srcinfo
 *(.debug_srcinfo)

.debug_sfnames
 *(.debug_sfnames)

.debug_aranges  0x0000000000000000      0x5b8
 *(.debug_aranges)
 .debug_aranges
                0x0000000000000000       0x28 ../TesteSoftware_bsp//obj/HAL/src/crt0.o
 .debug_aranges
                0x0000000000000028       0x20 obj/default/hello_world.o
 .debug_aranges
                0x0000000000000048       0x20 ../TesteSoftware_bsp/\libhal_bsp.a(alt_load.o)
 .debug_aranges
                0x0000000000000068       0x20 ../TesteSoftware_bsp/\libhal_bsp.a(alt_main.o)
 .debug_aranges
                0x0000000000000088       0x20 ../TesteSoftware_bsp/\libhal_bsp.a(alt_sys_init.o)
 .debug_aranges
                0x00000000000000a8       0x20 ../TesteSoftware_bsp/\libhal_bsp.a(altera_avalon_jtag_uart_fd.o)
 .debug_aranges
                0x00000000000000c8       0x20 ../TesteSoftware_bsp/\libhal_bsp.a(altera_avalon_jtag_uart_init.o)
 .debug_aranges
                0x00000000000000e8       0x20 ../TesteSoftware_bsp/\libhal_bsp.a(altera_avalon_jtag_uart_ioctl.o)
 .debug_aranges
                0x0000000000000108       0x20 ../TesteSoftware_bsp/\libhal_bsp.a(altera_avalon_jtag_uart_read.o)
 .debug_aranges
                0x0000000000000128       0x20 ../TesteSoftware_bsp/\libhal_bsp.a(altera_avalon_jtag_uart_write.o)
 .debug_aranges
                0x0000000000000148       0x20 ../TesteSoftware_bsp/\libhal_bsp.a(alt_alarm_start.o)
 .debug_aranges
                0x0000000000000168       0x20 ../TesteSoftware_bsp/\libhal_bsp.a(alt_close.o)
 .debug_aranges
                0x0000000000000188       0x20 ../TesteSoftware_bsp/\libhal_bsp.a(alt_dcache_flush_all.o)
 .debug_aranges
                0x00000000000001a8       0x20 ../TesteSoftware_bsp/\libhal_bsp.a(alt_dev.o)
 .debug_aranges
                0x00000000000001c8       0x20 ../TesteSoftware_bsp/\libhal_bsp.a(alt_dev_llist_insert.o)
 .debug_aranges
                0x00000000000001e8       0x20 ../TesteSoftware_bsp/\libhal_bsp.a(alt_do_ctors.o)
 .debug_aranges
                0x0000000000000208       0x20 ../TesteSoftware_bsp/\libhal_bsp.a(alt_do_dtors.o)
 .debug_aranges
                0x0000000000000228       0x18 ../TesteSoftware_bsp/\libhal_bsp.a(alt_errno.o)
 .debug_aranges
                0x0000000000000240       0x20 ../TesteSoftware_bsp/\libhal_bsp.a(alt_icache_flush_all.o)
 .debug_aranges
                0x0000000000000260       0x20 ../TesteSoftware_bsp/\libhal_bsp.a(alt_iic.o)
 .debug_aranges
                0x0000000000000280       0x20 ../TesteSoftware_bsp/\libhal_bsp.a(alt_iic_isr_register.o)
 .debug_aranges
                0x00000000000002a0       0x20 ../TesteSoftware_bsp/\libhal_bsp.a(alt_io_redirect.o)
 .debug_aranges
                0x00000000000002c0       0x30 ../TesteSoftware_bsp/\libhal_bsp.a(alt_irq_entry.o)
 .debug_aranges
                0x00000000000002f0       0x20 ../TesteSoftware_bsp/\libhal_bsp.a(alt_irq_handler.o)
 .debug_aranges
                0x0000000000000310       0x18 ../TesteSoftware_bsp/\libhal_bsp.a(alt_irq_vars.o)
 .debug_aranges
                0x0000000000000328       0x20 ../TesteSoftware_bsp/\libhal_bsp.a(alt_open.o)
 .debug_aranges
                0x0000000000000348       0x20 ../TesteSoftware_bsp/\libhal_bsp.a(alt_release_fd.o)
 .debug_aranges
                0x0000000000000368       0x20 ../TesteSoftware_bsp/\libhal_bsp.a(alt_tick.o)
 .debug_aranges
                0x0000000000000388       0x20 ../TesteSoftware_bsp/\libhal_bsp.a(altera_nios2_gen2_irq.o)
 .debug_aranges
                0x00000000000003a8       0x38 ../TesteSoftware_bsp/\libhal_bsp.a(alt_exception_entry.o)
 .debug_aranges
                0x00000000000003e0       0x20 ../TesteSoftware_bsp/\libhal_bsp.a(alt_find_dev.o)
 .debug_aranges
                0x0000000000000400       0x20 ../TesteSoftware_bsp/\libhal_bsp.a(alt_find_file.o)
 .debug_aranges
                0x0000000000000420       0x20 ../TesteSoftware_bsp/\libhal_bsp.a(alt_get_fd.o)
 .debug_aranges
                0x0000000000000440       0x28 ../TesteSoftware_bsp/\libhal_bsp.a(alt_instruction_exception_entry.o)
 .debug_aranges
                0x0000000000000468       0x20 c:/intelfpga_lite/18.1/nios2eds/bin/gnu/h-x86_64-mingw32/bin/../lib/gcc/nios2-elf/5.3.0/../../../../../H-x86_64-mingw32/nios2-elf/lib/mno-hw-mul\libc.a(lib_a-atexit.o)
 .debug_aranges
                0x0000000000000488       0x20 c:/intelfpga_lite/18.1/nios2eds/bin/gnu/h-x86_64-mingw32/bin/../lib/gcc/nios2-elf/5.3.0/../../../../../H-x86_64-mingw32/nios2-elf/lib/mno-hw-mul\libc.a(lib_a-exit.o)
 .debug_aranges
                0x00000000000004a8       0x18 c:/intelfpga_lite/18.1/nios2eds/bin/gnu/h-x86_64-mingw32/bin/../lib/gcc/nios2-elf/5.3.0/../../../../../H-x86_64-mingw32/nios2-elf/lib/mno-hw-mul\libc.a(lib_a-impure.o)
 .debug_aranges
                0x00000000000004c0       0x18 c:/intelfpga_lite/18.1/nios2eds/bin/gnu/h-x86_64-mingw32/bin/../lib/gcc/nios2-elf/5.3.0/../../../../../H-x86_64-mingw32/nios2-elf/lib/mno-hw-mul\libc.a(lib_a-int_errno.o)
 .debug_aranges
                0x00000000000004d8       0x20 c:/intelfpga_lite/18.1/nios2eds/bin/gnu/h-x86_64-mingw32/bin/../lib/gcc/nios2-elf/5.3.0/../../../../../H-x86_64-mingw32/nios2-elf/lib/mno-hw-mul\libc.a(lib_a-memcmp.o)
 .debug_aranges
                0x00000000000004f8       0x20 c:/intelfpga_lite/18.1/nios2eds/bin/gnu/h-x86_64-mingw32/bin/../lib/gcc/nios2-elf/5.3.0/../../../../../H-x86_64-mingw32/nios2-elf/lib/mno-hw-mul\libc.a(lib_a-memcpy.o)
 .debug_aranges
                0x0000000000000518       0x20 c:/intelfpga_lite/18.1/nios2eds/bin/gnu/h-x86_64-mingw32/bin/../lib/gcc/nios2-elf/5.3.0/../../../../../H-x86_64-mingw32/nios2-elf/lib/mno-hw-mul\libc.a(lib_a-strlen.o)
 .debug_aranges
                0x0000000000000538       0x20 c:/intelfpga_lite/18.1/nios2eds/bin/gnu/h-x86_64-mingw32/bin/../lib/gcc/nios2-elf/5.3.0/../../../../../H-x86_64-mingw32/nios2-elf/lib/mno-hw-mul\libc.a(lib_a-__atexit.o)
 .debug_aranges
                0x0000000000000558       0x20 c:/intelfpga_lite/18.1/nios2eds/bin/gnu/h-x86_64-mingw32/bin/../lib/gcc/nios2-elf/5.3.0/../../../../../H-x86_64-mingw32/nios2-elf/lib/mno-hw-mul\libc.a(lib_a-__call_atexit.o)
 .debug_aranges
                0x0000000000000578       0x20 c:/intelfpga_lite/18.1/nios2eds/bin/gnu/h-x86_64-mingw32/bin/../lib/gcc/nios2-elf/5.3.0/mno-hw-mul\libgcc.a(lib2-mul.o)
 .debug_aranges
                0x0000000000000598       0x20 ../TesteSoftware_bsp/\libhal_bsp.a(alt_exit.o)

.debug_pubnames
 *(.debug_pubnames)

.debug_info     0x0000000000000000     0x7519
 *(.debug_info .gnu.linkonce.wi.*)
 .debug_info    0x0000000000000000       0x6c ../TesteSoftware_bsp//obj/HAL/src/crt0.o
 .debug_info    0x000000000000006c       0xda obj/default/hello_world.o
 .debug_info    0x0000000000000146      0x145 ../TesteSoftware_bsp/\libhal_bsp.a(alt_load.o)
 .debug_info    0x000000000000028b      0x131 ../TesteSoftware_bsp/\libhal_bsp.a(alt_main.o)
 .debug_info    0x00000000000003bc      0x4c3 ../TesteSoftware_bsp/\libhal_bsp.a(alt_sys_init.o)
 .debug_info    0x000000000000087f      0x52e ../TesteSoftware_bsp/\libhal_bsp.a(altera_avalon_jtag_uart_fd.o)
 .debug_info    0x0000000000000dad      0x3a0 ../TesteSoftware_bsp/\libhal_bsp.a(altera_avalon_jtag_uart_init.o)
 .debug_info    0x000000000000114d      0x280 ../TesteSoftware_bsp/\libhal_bsp.a(altera_avalon_jtag_uart_ioctl.o)
 .debug_info    0x00000000000013cd      0x345 ../TesteSoftware_bsp/\libhal_bsp.a(altera_avalon_jtag_uart_read.o)
 .debug_info    0x0000000000001712      0x340 ../TesteSoftware_bsp/\libhal_bsp.a(altera_avalon_jtag_uart_write.o)
 .debug_info    0x0000000000001a52      0x2cc ../TesteSoftware_bsp/\libhal_bsp.a(alt_alarm_start.o)
 .debug_info    0x0000000000001d1e      0x321 ../TesteSoftware_bsp/\libhal_bsp.a(alt_close.o)
 .debug_info    0x000000000000203f       0x92 ../TesteSoftware_bsp/\libhal_bsp.a(alt_dcache_flush_all.o)
 .debug_info    0x00000000000020d1      0x49c ../TesteSoftware_bsp/\libhal_bsp.a(alt_dev.o)
 .debug_info    0x000000000000256d      0x1a9 ../TesteSoftware_bsp/\libhal_bsp.a(alt_dev_llist_insert.o)
 .debug_info    0x0000000000002716       0x83 ../TesteSoftware_bsp/\libhal_bsp.a(alt_do_ctors.o)
 .debug_info    0x0000000000002799       0x83 ../TesteSoftware_bsp/\libhal_bsp.a(alt_do_dtors.o)
 .debug_info    0x000000000000281c       0xa6 ../TesteSoftware_bsp/\libhal_bsp.a(alt_errno.o)
 .debug_info    0x00000000000028c2       0x92 ../TesteSoftware_bsp/\libhal_bsp.a(alt_icache_flush_all.o)
 .debug_info    0x0000000000002954      0x350 ../TesteSoftware_bsp/\libhal_bsp.a(alt_iic.o)
 .debug_info    0x0000000000002ca4      0x1ef ../TesteSoftware_bsp/\libhal_bsp.a(alt_iic_isr_register.o)
 .debug_info    0x0000000000002e93      0x4a5 ../TesteSoftware_bsp/\libhal_bsp.a(alt_io_redirect.o)
 .debug_info    0x0000000000003338       0x75 ../TesteSoftware_bsp/\libhal_bsp.a(alt_irq_entry.o)
 .debug_info    0x00000000000033ad      0x187 ../TesteSoftware_bsp/\libhal_bsp.a(alt_irq_handler.o)
 .debug_info    0x0000000000003534       0x88 ../TesteSoftware_bsp/\libhal_bsp.a(alt_irq_vars.o)
 .debug_info    0x00000000000035bc      0x3bb ../TesteSoftware_bsp/\libhal_bsp.a(alt_open.o)
 .debug_info    0x0000000000003977      0x2b0 ../TesteSoftware_bsp/\libhal_bsp.a(alt_release_fd.o)
 .debug_info    0x0000000000003c27      0x299 ../TesteSoftware_bsp/\libhal_bsp.a(alt_tick.o)
 .debug_info    0x0000000000003ec0       0x92 ../TesteSoftware_bsp/\libhal_bsp.a(altera_nios2_gen2_irq.o)
 .debug_info    0x0000000000003f52       0x7b ../TesteSoftware_bsp/\libhal_bsp.a(alt_exception_entry.o)
 .debug_info    0x0000000000003fcd      0x2e9 ../TesteSoftware_bsp/\libhal_bsp.a(alt_find_dev.o)
 .debug_info    0x00000000000042b6      0x2e6 ../TesteSoftware_bsp/\libhal_bsp.a(alt_find_file.o)
 .debug_info    0x000000000000459c      0x310 ../TesteSoftware_bsp/\libhal_bsp.a(alt_get_fd.o)
 .debug_info    0x00000000000048ac      0x1e7 ../TesteSoftware_bsp/\libhal_bsp.a(alt_instruction_exception_entry.o)
 .debug_info    0x0000000000004a93       0xfe c:/intelfpga_lite/18.1/nios2eds/bin/gnu/h-x86_64-mingw32/bin/../lib/gcc/nios2-elf/5.3.0/../../../../../H-x86_64-mingw32/nios2-elf/lib/mno-hw-mul\libc.a(lib_a-atexit.o)
 .debug_info    0x0000000000004b91      0x8e4 c:/intelfpga_lite/18.1/nios2eds/bin/gnu/h-x86_64-mingw32/bin/../lib/gcc/nios2-elf/5.3.0/../../../../../H-x86_64-mingw32/nios2-elf/lib/mno-hw-mul\libc.a(lib_a-exit.o)
 .debug_info    0x0000000000005475      0x8a1 c:/intelfpga_lite/18.1/nios2eds/bin/gnu/h-x86_64-mingw32/bin/../lib/gcc/nios2-elf/5.3.0/../../../../../H-x86_64-mingw32/nios2-elf/lib/mno-hw-mul\libc.a(lib_a-impure.o)
 .debug_info    0x0000000000005d16       0x8a c:/intelfpga_lite/18.1/nios2eds/bin/gnu/h-x86_64-mingw32/bin/../lib/gcc/nios2-elf/5.3.0/../../../../../H-x86_64-mingw32/nios2-elf/lib/mno-hw-mul\libc.a(lib_a-int_errno.o)
 .debug_info    0x0000000000005da0      0x11a c:/intelfpga_lite/18.1/nios2eds/bin/gnu/h-x86_64-mingw32/bin/../lib/gcc/nios2-elf/5.3.0/../../../../../H-x86_64-mingw32/nios2-elf/lib/mno-hw-mul\libc.a(lib_a-memcmp.o)
 .debug_info    0x0000000000005eba      0x144 c:/intelfpga_lite/18.1/nios2eds/bin/gnu/h-x86_64-mingw32/bin/../lib/gcc/nios2-elf/5.3.0/../../../../../H-x86_64-mingw32/nios2-elf/lib/mno-hw-mul\libc.a(lib_a-memcpy.o)
 .debug_info    0x0000000000005ffe       0xe2 c:/intelfpga_lite/18.1/nios2eds/bin/gnu/h-x86_64-mingw32/bin/../lib/gcc/nios2-elf/5.3.0/../../../../../H-x86_64-mingw32/nios2-elf/lib/mno-hw-mul\libc.a(lib_a-strlen.o)
 .debug_info    0x00000000000060e0      0x934 c:/intelfpga_lite/18.1/nios2eds/bin/gnu/h-x86_64-mingw32/bin/../lib/gcc/nios2-elf/5.3.0/../../../../../H-x86_64-mingw32/nios2-elf/lib/mno-hw-mul\libc.a(lib_a-__atexit.o)
 .debug_info    0x0000000000006a14      0x965 c:/intelfpga_lite/18.1/nios2eds/bin/gnu/h-x86_64-mingw32/bin/../lib/gcc/nios2-elf/5.3.0/../../../../../H-x86_64-mingw32/nios2-elf/lib/mno-hw-mul\libc.a(lib_a-__call_atexit.o)
 .debug_info    0x0000000000007379       0xb4 c:/intelfpga_lite/18.1/nios2eds/bin/gnu/h-x86_64-mingw32/bin/../lib/gcc/nios2-elf/5.3.0/mno-hw-mul\libgcc.a(lib2-mul.o)
 .debug_info    0x000000000000742d       0xec ../TesteSoftware_bsp/\libhal_bsp.a(alt_exit.o)

.debug_abbrev   0x0000000000000000     0x293b
 *(.debug_abbrev)
 .debug_abbrev  0x0000000000000000       0x12 ../TesteSoftware_bsp//obj/HAL/src/crt0.o
 .debug_abbrev  0x0000000000000012       0x87 obj/default/hello_world.o
 .debug_abbrev  0x0000000000000099       0x9f ../TesteSoftware_bsp/\libhal_bsp.a(alt_load.o)
 .debug_abbrev  0x0000000000000138       0xba ../TesteSoftware_bsp/\libhal_bsp.a(alt_main.o)
 .debug_abbrev  0x00000000000001f2      0x187 ../TesteSoftware_bsp/\libhal_bsp.a(alt_sys_init.o)
 .debug_abbrev  0x0000000000000379      0x127 ../TesteSoftware_bsp/\libhal_bsp.a(altera_avalon_jtag_uart_fd.o)
 .debug_abbrev  0x00000000000004a0      0x19e ../TesteSoftware_bsp/\libhal_bsp.a(altera_avalon_jtag_uart_init.o)
 .debug_abbrev  0x000000000000063e      0x111 ../TesteSoftware_bsp/\libhal_bsp.a(altera_avalon_jtag_uart_ioctl.o)
 .debug_abbrev  0x000000000000074f      0x1aa ../TesteSoftware_bsp/\libhal_bsp.a(altera_avalon_jtag_uart_read.o)
 .debug_abbrev  0x00000000000008f9      0x1a8 ../TesteSoftware_bsp/\libhal_bsp.a(altera_avalon_jtag_uart_write.o)
 .debug_abbrev  0x0000000000000aa1      0x162 ../TesteSoftware_bsp/\libhal_bsp.a(alt_alarm_start.o)
 .debug_abbrev  0x0000000000000c03      0x11f ../TesteSoftware_bsp/\libhal_bsp.a(alt_close.o)
 .debug_abbrev  0x0000000000000d22       0x42 ../TesteSoftware_bsp/\libhal_bsp.a(alt_dcache_flush_all.o)
 .debug_abbrev  0x0000000000000d64       0xd9 ../TesteSoftware_bsp/\libhal_bsp.a(alt_dev.o)
 .debug_abbrev  0x0000000000000e3d      0x114 ../TesteSoftware_bsp/\libhal_bsp.a(alt_dev_llist_insert.o)
 .debug_abbrev  0x0000000000000f51       0x79 ../TesteSoftware_bsp/\libhal_bsp.a(alt_do_ctors.o)
 .debug_abbrev  0x0000000000000fca       0x79 ../TesteSoftware_bsp/\libhal_bsp.a(alt_do_dtors.o)
 .debug_abbrev  0x0000000000001043       0x5a ../TesteSoftware_bsp/\libhal_bsp.a(alt_errno.o)
 .debug_abbrev  0x000000000000109d       0x42 ../TesteSoftware_bsp/\libhal_bsp.a(alt_icache_flush_all.o)
 .debug_abbrev  0x00000000000010df      0x163 ../TesteSoftware_bsp/\libhal_bsp.a(alt_iic.o)
 .debug_abbrev  0x0000000000001242      0x169 ../TesteSoftware_bsp/\libhal_bsp.a(alt_iic_isr_register.o)
 .debug_abbrev  0x00000000000013ab      0x114 ../TesteSoftware_bsp/\libhal_bsp.a(alt_io_redirect.o)
 .debug_abbrev  0x00000000000014bf       0x12 ../TesteSoftware_bsp/\libhal_bsp.a(alt_irq_entry.o)
 .debug_abbrev  0x00000000000014d1      0x122 ../TesteSoftware_bsp/\libhal_bsp.a(alt_irq_handler.o)
 .debug_abbrev  0x00000000000015f3       0x40 ../TesteSoftware_bsp/\libhal_bsp.a(alt_irq_vars.o)
 .debug_abbrev  0x0000000000001633      0x148 ../TesteSoftware_bsp/\libhal_bsp.a(alt_open.o)
 .debug_abbrev  0x000000000000177b       0xde ../TesteSoftware_bsp/\libhal_bsp.a(alt_release_fd.o)
 .debug_abbrev  0x0000000000001859      0x15a ../TesteSoftware_bsp/\libhal_bsp.a(alt_tick.o)
 .debug_abbrev  0x00000000000019b3       0x42 ../TesteSoftware_bsp/\libhal_bsp.a(altera_nios2_gen2_irq.o)
 .debug_abbrev  0x00000000000019f5       0x12 ../TesteSoftware_bsp/\libhal_bsp.a(alt_exception_entry.o)
 .debug_abbrev  0x0000000000001a07       0xf0 ../TesteSoftware_bsp/\libhal_bsp.a(alt_find_dev.o)
 .debug_abbrev  0x0000000000001af7       0xf0 ../TesteSoftware_bsp/\libhal_bsp.a(alt_find_file.o)
 .debug_abbrev  0x0000000000001be7      0x10d ../TesteSoftware_bsp/\libhal_bsp.a(alt_get_fd.o)
 .debug_abbrev  0x0000000000001cf4       0xdc ../TesteSoftware_bsp/\libhal_bsp.a(alt_instruction_exception_entry.o)
 .debug_abbrev  0x0000000000001dd0       0xaa c:/intelfpga_lite/18.1/nios2eds/bin/gnu/h-x86_64-mingw32/bin/../lib/gcc/nios2-elf/5.3.0/../../../../../H-x86_64-mingw32/nios2-elf/lib/mno-hw-mul\libc.a(lib_a-atexit.o)
 .debug_abbrev  0x0000000000001e7a      0x1e5 c:/intelfpga_lite/18.1/nios2eds/bin/gnu/h-x86_64-mingw32/bin/../lib/gcc/nios2-elf/5.3.0/../../../../../H-x86_64-mingw32/nios2-elf/lib/mno-hw-mul\libc.a(lib_a-exit.o)
 .debug_abbrev  0x000000000000205f      0x18f c:/intelfpga_lite/18.1/nios2eds/bin/gnu/h-x86_64-mingw32/bin/../lib/gcc/nios2-elf/5.3.0/../../../../../H-x86_64-mingw32/nios2-elf/lib/mno-hw-mul\libc.a(lib_a-impure.o)
 .debug_abbrev  0x00000000000021ee       0x37 c:/intelfpga_lite/18.1/nios2eds/bin/gnu/h-x86_64-mingw32/bin/../lib/gcc/nios2-elf/5.3.0/../../../../../H-x86_64-mingw32/nios2-elf/lib/mno-hw-mul\libc.a(lib_a-int_errno.o)
 .debug_abbrev  0x0000000000002225       0x7f c:/intelfpga_lite/18.1/nios2eds/bin/gnu/h-x86_64-mingw32/bin/../lib/gcc/nios2-elf/5.3.0/../../../../../H-x86_64-mingw32/nios2-elf/lib/mno-hw-mul\libc.a(lib_a-memcmp.o)
 .debug_abbrev  0x00000000000022a4       0xa3 c:/intelfpga_lite/18.1/nios2eds/bin/gnu/h-x86_64-mingw32/bin/../lib/gcc/nios2-elf/5.3.0/../../../../../H-x86_64-mingw32/nios2-elf/lib/mno-hw-mul\libc.a(lib_a-memcpy.o)
 .debug_abbrev  0x0000000000002347       0x90 c:/intelfpga_lite/18.1/nios2eds/bin/gnu/h-x86_64-mingw32/bin/../lib/gcc/nios2-elf/5.3.0/../../../../../H-x86_64-mingw32/nios2-elf/lib/mno-hw-mul\libc.a(lib_a-strlen.o)
 .debug_abbrev  0x00000000000023d7      0x21e c:/intelfpga_lite/18.1/nios2eds/bin/gnu/h-x86_64-mingw32/bin/../lib/gcc/nios2-elf/5.3.0/../../../../../H-x86_64-mingw32/nios2-elf/lib/mno-hw-mul\libc.a(lib_a-__atexit.o)
 .debug_abbrev  0x00000000000025f5      0x22e c:/intelfpga_lite/18.1/nios2eds/bin/gnu/h-x86_64-mingw32/bin/../lib/gcc/nios2-elf/5.3.0/../../../../../H-x86_64-mingw32/nios2-elf/lib/mno-hw-mul\libc.a(lib_a-__call_atexit.o)
 .debug_abbrev  0x0000000000002823       0x6f c:/intelfpga_lite/18.1/nios2eds/bin/gnu/h-x86_64-mingw32/bin/../lib/gcc/nios2-elf/5.3.0/mno-hw-mul\libgcc.a(lib2-mul.o)
 .debug_abbrev  0x0000000000002892       0xa9 ../TesteSoftware_bsp/\libhal_bsp.a(alt_exit.o)

.debug_line     0x0000000000000000     0x2976
 *(.debug_line)
 .debug_line    0x0000000000000000       0x66 ../TesteSoftware_bsp//obj/HAL/src/crt0.o
 .debug_line    0x0000000000000066       0x63 obj/default/hello_world.o
 .debug_line    0x00000000000000c9       0x8e ../TesteSoftware_bsp/\libhal_bsp.a(alt_load.o)
 .debug_line    0x0000000000000157       0xa4 ../TesteSoftware_bsp/\libhal_bsp.a(alt_main.o)
 .debug_line    0x00000000000001fb      0x136 ../TesteSoftware_bsp/\libhal_bsp.a(alt_sys_init.o)
 .debug_line    0x0000000000000331      0x12f ../TesteSoftware_bsp/\libhal_bsp.a(altera_avalon_jtag_uart_fd.o)
 .debug_line    0x0000000000000460      0x18b ../TesteSoftware_bsp/\libhal_bsp.a(altera_avalon_jtag_uart_init.o)
 .debug_line    0x00000000000005eb      0x131 ../TesteSoftware_bsp/\libhal_bsp.a(altera_avalon_jtag_uart_ioctl.o)
 .debug_line    0x000000000000071c      0x171 ../TesteSoftware_bsp/\libhal_bsp.a(altera_avalon_jtag_uart_read.o)
 .debug_line    0x000000000000088d      0x170 ../TesteSoftware_bsp/\libhal_bsp.a(altera_avalon_jtag_uart_write.o)
 .debug_line    0x00000000000009fd       0xf9 ../TesteSoftware_bsp/\libhal_bsp.a(alt_alarm_start.o)
 .debug_line    0x0000000000000af6      0x165 ../TesteSoftware_bsp/\libhal_bsp.a(alt_close.o)
 .debug_line    0x0000000000000c5b       0x51 ../TesteSoftware_bsp/\libhal_bsp.a(alt_dcache_flush_all.o)
 .debug_line    0x0000000000000cac       0xf8 ../TesteSoftware_bsp/\libhal_bsp.a(alt_dev.o)
 .debug_line    0x0000000000000da4       0xcf ../TesteSoftware_bsp/\libhal_bsp.a(alt_dev_llist_insert.o)
 .debug_line    0x0000000000000e73       0x59 ../TesteSoftware_bsp/\libhal_bsp.a(alt_do_ctors.o)
 .debug_line    0x0000000000000ecc       0x59 ../TesteSoftware_bsp/\libhal_bsp.a(alt_do_dtors.o)
 .debug_line    0x0000000000000f25       0x51 ../TesteSoftware_bsp/\libhal_bsp.a(alt_errno.o)
 .debug_line    0x0000000000000f76       0x4f ../TesteSoftware_bsp/\libhal_bsp.a(alt_icache_flush_all.o)
 .debug_line    0x0000000000000fc5       0xeb ../TesteSoftware_bsp/\libhal_bsp.a(alt_iic.o)
 .debug_line    0x00000000000010b0       0xdb ../TesteSoftware_bsp/\libhal_bsp.a(alt_iic_isr_register.o)
 .debug_line    0x000000000000118b      0x135 ../TesteSoftware_bsp/\libhal_bsp.a(alt_io_redirect.o)
 .debug_line    0x00000000000012c0       0x6b ../TesteSoftware_bsp/\libhal_bsp.a(alt_irq_entry.o)
 .debug_line    0x000000000000132b       0xaa ../TesteSoftware_bsp/\libhal_bsp.a(alt_irq_handler.o)
 .debug_line    0x00000000000013d5       0x50 ../TesteSoftware_bsp/\libhal_bsp.a(alt_irq_vars.o)
 .debug_line    0x0000000000001425      0x12b ../TesteSoftware_bsp/\libhal_bsp.a(alt_open.o)
 .debug_line    0x0000000000001550       0xb0 ../TesteSoftware_bsp/\libhal_bsp.a(alt_release_fd.o)
 .debug_line    0x0000000000001600       0xff ../TesteSoftware_bsp/\libhal_bsp.a(alt_tick.o)
 .debug_line    0x00000000000016ff       0x51 ../TesteSoftware_bsp/\libhal_bsp.a(altera_nios2_gen2_irq.o)
 .debug_line    0x0000000000001750       0xb3 ../TesteSoftware_bsp/\libhal_bsp.a(alt_exception_entry.o)
 .debug_line    0x0000000000001803       0xb5 ../TesteSoftware_bsp/\libhal_bsp.a(alt_find_dev.o)
 .debug_line    0x00000000000018b8       0xd1 ../TesteSoftware_bsp/\libhal_bsp.a(alt_find_file.o)
 .debug_line    0x0000000000001989       0xd7 ../TesteSoftware_bsp/\libhal_bsp.a(alt_get_fd.o)
 .debug_line    0x0000000000001a60       0xb9 ../TesteSoftware_bsp/\libhal_bsp.a(alt_instruction_exception_entry.o)
 .debug_line    0x0000000000001b19       0xe7 c:/intelfpga_lite/18.1/nios2eds/bin/gnu/h-x86_64-mingw32/bin/../lib/gcc/nios2-elf/5.3.0/../../../../../H-x86_64-mingw32/nios2-elf/lib/mno-hw-mul\libc.a(lib_a-atexit.o)
 .debug_line    0x0000000000001c00      0x1fc c:/intelfpga_lite/18.1/nios2eds/bin/gnu/h-x86_64-mingw32/bin/../lib/gcc/nios2-elf/5.3.0/../../../../../H-x86_64-mingw32/nios2-elf/lib/mno-hw-mul\libc.a(lib_a-exit.o)
 .debug_line    0x0000000000001dfc      0x160 c:/intelfpga_lite/18.1/nios2eds/bin/gnu/h-x86_64-mingw32/bin/../lib/gcc/nios2-elf/5.3.0/../../../../../H-x86_64-mingw32/nios2-elf/lib/mno-hw-mul\libc.a(lib_a-impure.o)
 .debug_line    0x0000000000001f5c       0x5f c:/intelfpga_lite/18.1/nios2eds/bin/gnu/h-x86_64-mingw32/bin/../lib/gcc/nios2-elf/5.3.0/../../../../../H-x86_64-mingw32/nios2-elf/lib/mno-hw-mul\libc.a(lib_a-int_errno.o)
 .debug_line    0x0000000000001fbb      0x176 c:/intelfpga_lite/18.1/nios2eds/bin/gnu/h-x86_64-mingw32/bin/../lib/gcc/nios2-elf/5.3.0/../../../../../H-x86_64-mingw32/nios2-elf/lib/mno-hw-mul\libc.a(lib_a-memcmp.o)
 .debug_line    0x0000000000002131      0x18c c:/intelfpga_lite/18.1/nios2eds/bin/gnu/h-x86_64-mingw32/bin/../lib/gcc/nios2-elf/5.3.0/../../../../../H-x86_64-mingw32/nios2-elf/lib/mno-hw-mul\libc.a(lib_a-memcpy.o)
 .debug_line    0x00000000000022bd      0x16f c:/intelfpga_lite/18.1/nios2eds/bin/gnu/h-x86_64-mingw32/bin/../lib/gcc/nios2-elf/5.3.0/../../../../../H-x86_64-mingw32/nios2-elf/lib/mno-hw-mul\libc.a(lib_a-strlen.o)
 .debug_line    0x000000000000242c      0x21f c:/intelfpga_lite/18.1/nios2eds/bin/gnu/h-x86_64-mingw32/bin/../lib/gcc/nios2-elf/5.3.0/../../../../../H-x86_64-mingw32/nios2-elf/lib/mno-hw-mul\libc.a(lib_a-__atexit.o)
 .debug_line    0x000000000000264b      0x23a c:/intelfpga_lite/18.1/nios2eds/bin/gnu/h-x86_64-mingw32/bin/../lib/gcc/nios2-elf/5.3.0/../../../../../H-x86_64-mingw32/nios2-elf/lib/mno-hw-mul\libc.a(lib_a-__call_atexit.o)
 .debug_line    0x0000000000002885       0x80 c:/intelfpga_lite/18.1/nios2eds/bin/gnu/h-x86_64-mingw32/bin/../lib/gcc/nios2-elf/5.3.0/mno-hw-mul\libgcc.a(lib2-mul.o)
 .debug_line    0x0000000000002905       0x71 ../TesteSoftware_bsp/\libhal_bsp.a(alt_exit.o)

.debug_frame    0x0000000000000000      0xaac
 *(.debug_frame)
 .debug_frame   0x0000000000000000       0x34 obj/default/hello_world.o
 .debug_frame   0x0000000000000034       0x5c ../TesteSoftware_bsp/\libhal_bsp.a(alt_load.o)
 .debug_frame   0x0000000000000090       0x2c ../TesteSoftware_bsp/\libhal_bsp.a(alt_main.o)
 .debug_frame   0x00000000000000bc       0x88 ../TesteSoftware_bsp/\libhal_bsp.a(alt_sys_init.o)
 .debug_frame   0x0000000000000144       0xb0 ../TesteSoftware_bsp/\libhal_bsp.a(altera_avalon_jtag_uart_fd.o)
 .debug_frame   0x00000000000001f4       0xa4 ../TesteSoftware_bsp/\libhal_bsp.a(altera_avalon_jtag_uart_init.o)
 .debug_frame   0x0000000000000298       0x34 ../TesteSoftware_bsp/\libhal_bsp.a(altera_avalon_jtag_uart_ioctl.o)
 .debug_frame   0x00000000000002cc       0x38 ../TesteSoftware_bsp/\libhal_bsp.a(altera_avalon_jtag_uart_read.o)
 .debug_frame   0x0000000000000304       0x38 ../TesteSoftware_bsp/\libhal_bsp.a(altera_avalon_jtag_uart_write.o)
 .debug_frame   0x000000000000033c       0x34 ../TesteSoftware_bsp/\libhal_bsp.a(alt_alarm_start.o)
 .debug_frame   0x0000000000000370       0x60 ../TesteSoftware_bsp/\libhal_bsp.a(alt_close.o)
 .debug_frame   0x00000000000003d0       0x34 ../TesteSoftware_bsp/\libhal_bsp.a(alt_dcache_flush_all.o)
 .debug_frame   0x0000000000000404       0x34 ../TesteSoftware_bsp/\libhal_bsp.a(alt_dev.o)
 .debug_frame   0x0000000000000438       0x60 ../TesteSoftware_bsp/\libhal_bsp.a(alt_dev_llist_insert.o)
 .debug_frame   0x0000000000000498       0x38 ../TesteSoftware_bsp/\libhal_bsp.a(alt_do_ctors.o)
 .debug_frame   0x00000000000004d0       0x38 ../TesteSoftware_bsp/\libhal_bsp.a(alt_do_dtors.o)
 .debug_frame   0x0000000000000508       0x34 ../TesteSoftware_bsp/\libhal_bsp.a(alt_icache_flush_all.o)
 .debug_frame   0x000000000000053c       0xa4 ../TesteSoftware_bsp/\libhal_bsp.a(alt_iic.o)
 .debug_frame   0x00000000000005e0       0x38 ../TesteSoftware_bsp/\libhal_bsp.a(alt_iic_isr_register.o)
 .debug_frame   0x0000000000000618       0x64 ../TesteSoftware_bsp/\libhal_bsp.a(alt_io_redirect.o)
 .debug_frame   0x000000000000067c       0x38 ../TesteSoftware_bsp/\libhal_bsp.a(alt_irq_handler.o)
 .debug_frame   0x00000000000006b4       0x8c ../TesteSoftware_bsp/\libhal_bsp.a(alt_open.o)
 .debug_frame   0x0000000000000740       0x3c ../TesteSoftware_bsp/\libhal_bsp.a(alt_release_fd.o)
 .debug_frame   0x000000000000077c       0x5c ../TesteSoftware_bsp/\libhal_bsp.a(alt_tick.o)
 .debug_frame   0x00000000000007d8       0x34 ../TesteSoftware_bsp/\libhal_bsp.a(altera_nios2_gen2_irq.o)
 .debug_frame   0x000000000000080c       0x38 ../TesteSoftware_bsp/\libhal_bsp.a(alt_find_dev.o)
 .debug_frame   0x0000000000000844       0x38 ../TesteSoftware_bsp/\libhal_bsp.a(alt_find_file.o)
 .debug_frame   0x000000000000087c       0x3c ../TesteSoftware_bsp/\libhal_bsp.a(alt_get_fd.o)
 .debug_frame   0x00000000000008b8       0x5c ../TesteSoftware_bsp/\libhal_bsp.a(alt_instruction_exception_entry.o)
 .debug_frame   0x0000000000000914       0x20 c:/intelfpga_lite/18.1/nios2eds/bin/gnu/h-x86_64-mingw32/bin/../lib/gcc/nios2-elf/5.3.0/../../../../../H-x86_64-mingw32/nios2-elf/lib/mno-hw-mul\libc.a(lib_a-atexit.o)
 .debug_frame   0x0000000000000934       0x28 c:/intelfpga_lite/18.1/nios2eds/bin/gnu/h-x86_64-mingw32/bin/../lib/gcc/nios2-elf/5.3.0/../../../../../H-x86_64-mingw32/nios2-elf/lib/mno-hw-mul\libc.a(lib_a-exit.o)
 .debug_frame   0x000000000000095c       0x20 c:/intelfpga_lite/18.1/nios2eds/bin/gnu/h-x86_64-mingw32/bin/../lib/gcc/nios2-elf/5.3.0/../../../../../H-x86_64-mingw32/nios2-elf/lib/mno-hw-mul\libc.a(lib_a-memcmp.o)
 .debug_frame   0x000000000000097c       0x38 c:/intelfpga_lite/18.1/nios2eds/bin/gnu/h-x86_64-mingw32/bin/../lib/gcc/nios2-elf/5.3.0/../../../../../H-x86_64-mingw32/nios2-elf/lib/mno-hw-mul\libc.a(lib_a-memcpy.o)
 .debug_frame   0x00000000000009b4       0x20 c:/intelfpga_lite/18.1/nios2eds/bin/gnu/h-x86_64-mingw32/bin/../lib/gcc/nios2-elf/5.3.0/../../../../../H-x86_64-mingw32/nios2-elf/lib/mno-hw-mul\libc.a(lib_a-strlen.o)
 .debug_frame   0x00000000000009d4       0x38 c:/intelfpga_lite/18.1/nios2eds/bin/gnu/h-x86_64-mingw32/bin/../lib/gcc/nios2-elf/5.3.0/../../../../../H-x86_64-mingw32/nios2-elf/lib/mno-hw-mul\libc.a(lib_a-__atexit.o)
 .debug_frame   0x0000000000000a0c       0x54 c:/intelfpga_lite/18.1/nios2eds/bin/gnu/h-x86_64-mingw32/bin/../lib/gcc/nios2-elf/5.3.0/../../../../../H-x86_64-mingw32/nios2-elf/lib/mno-hw-mul\libc.a(lib_a-__call_atexit.o)
 .debug_frame   0x0000000000000a60       0x20 c:/intelfpga_lite/18.1/nios2eds/bin/gnu/h-x86_64-mingw32/bin/../lib/gcc/nios2-elf/5.3.0/mno-hw-mul\libgcc.a(lib2-mul.o)
 .debug_frame   0x0000000000000a80       0x2c ../TesteSoftware_bsp/\libhal_bsp.a(alt_exit.o)

.debug_str      0x0000000000000000     0x1b51
 *(.debug_str)
 .debug_str     0x0000000000000000       0xf0 obj/default/hello_world.o
                                        0x133 (size before relaxing)
 .debug_str     0x00000000000000f0      0x129 ../TesteSoftware_bsp/\libhal_bsp.a(alt_load.o)
                                        0x210 (size before relaxing)
 .debug_str     0x0000000000000219       0x70 ../TesteSoftware_bsp/\libhal_bsp.a(alt_main.o)
                                        0x19b (size before relaxing)
 .debug_str     0x0000000000000289      0x1a0 ../TesteSoftware_bsp/\libhal_bsp.a(alt_sys_init.o)
                                        0x354 (size before relaxing)
 .debug_str     0x0000000000000429       0xb9 ../TesteSoftware_bsp/\libhal_bsp.a(altera_avalon_jtag_uart_fd.o)
                                        0x3a2 (size before relaxing)
 .debug_str     0x00000000000004e2       0xd1 ../TesteSoftware_bsp/\libhal_bsp.a(altera_avalon_jtag_uart_init.o)
                                        0x336 (size before relaxing)
 .debug_str     0x00000000000005b3       0x4a ../TesteSoftware_bsp/\libhal_bsp.a(altera_avalon_jtag_uart_ioctl.o)
                                        0x291 (size before relaxing)
 .debug_str     0x00000000000005fd       0x7f ../TesteSoftware_bsp/\libhal_bsp.a(altera_avalon_jtag_uart_read.o)
                                        0x2e6 (size before relaxing)
 .debug_str     0x000000000000067c       0x4a ../TesteSoftware_bsp/\libhal_bsp.a(altera_avalon_jtag_uart_write.o)
                                        0x2e7 (size before relaxing)
 .debug_str     0x00000000000006c6       0x59 ../TesteSoftware_bsp/\libhal_bsp.a(alt_alarm_start.o)
                                        0x27c (size before relaxing)
 .debug_str     0x000000000000071f       0x44 ../TesteSoftware_bsp/\libhal_bsp.a(alt_close.o)
                                        0x209 (size before relaxing)
 .debug_str     0x0000000000000763       0x34 ../TesteSoftware_bsp/\libhal_bsp.a(alt_dcache_flush_all.o)
                                        0x153 (size before relaxing)
 .debug_str     0x0000000000000797      0x120 ../TesteSoftware_bsp/\libhal_bsp.a(alt_dev.o)
                                        0x303 (size before relaxing)
 .debug_str     0x00000000000008b7       0x34 ../TesteSoftware_bsp/\libhal_bsp.a(alt_dev_llist_insert.o)
                                        0x1ca (size before relaxing)
 .debug_str     0x00000000000008eb       0x48 ../TesteSoftware_bsp/\libhal_bsp.a(alt_do_ctors.o)
                                         0xce (size before relaxing)
 .debug_str     0x0000000000000933       0x4c ../TesteSoftware_bsp/\libhal_bsp.a(alt_do_dtors.o)
                                         0xcd (size before relaxing)
 .debug_str     0x000000000000097f       0x14 ../TesteSoftware_bsp/\libhal_bsp.a(alt_errno.o)
                                        0x143 (size before relaxing)
 .debug_str     0x0000000000000993       0x34 ../TesteSoftware_bsp/\libhal_bsp.a(alt_icache_flush_all.o)
                                        0x153 (size before relaxing)
 .debug_str     0x00000000000009c7       0xc4 ../TesteSoftware_bsp/\libhal_bsp.a(alt_iic.o)
                                        0x23c (size before relaxing)
 .debug_str     0x0000000000000a8b       0x4c ../TesteSoftware_bsp/\libhal_bsp.a(alt_iic_isr_register.o)
                                        0x1e6 (size before relaxing)
 .debug_str     0x0000000000000ad7       0x56 ../TesteSoftware_bsp/\libhal_bsp.a(alt_io_redirect.o)
                                        0x314 (size before relaxing)
 .debug_str     0x0000000000000b2d       0x3a ../TesteSoftware_bsp/\libhal_bsp.a(alt_irq_handler.o)
                                        0x195 (size before relaxing)
 .debug_str     0x0000000000000b67       0x17 ../TesteSoftware_bsp/\libhal_bsp.a(alt_irq_vars.o)
                                        0x138 (size before relaxing)
 .debug_str     0x0000000000000b7e       0x2f ../TesteSoftware_bsp/\libhal_bsp.a(alt_open.o)
                                        0x249 (size before relaxing)
 .debug_str     0x0000000000000bad       0x28 ../TesteSoftware_bsp/\libhal_bsp.a(alt_release_fd.o)
                                        0x1d1 (size before relaxing)
 .debug_str     0x0000000000000bd5       0x4a ../TesteSoftware_bsp/\libhal_bsp.a(alt_tick.o)
                                        0x250 (size before relaxing)
 .debug_str     0x0000000000000c1f       0x3b ../TesteSoftware_bsp/\libhal_bsp.a(altera_nios2_gen2_irq.o)
                                        0x15a (size before relaxing)
 .debug_str     0x0000000000000c5a       0x24 ../TesteSoftware_bsp/\libhal_bsp.a(alt_find_dev.o)
                                        0x1ea (size before relaxing)
 .debug_str     0x0000000000000c7e       0x26 ../TesteSoftware_bsp/\libhal_bsp.a(alt_find_file.o)
                                        0x1f8 (size before relaxing)
 .debug_str     0x0000000000000ca4       0x30 ../TesteSoftware_bsp/\libhal_bsp.a(alt_get_fd.o)
                                        0x21a (size before relaxing)
 .debug_str     0x0000000000000cd4      0x48b ../TesteSoftware_bsp/\libhal_bsp.a(alt_instruction_exception_entry.o)
                                        0x59e (size before relaxing)
 .debug_str     0x000000000000115f      0x17c c:/intelfpga_lite/18.1/nios2eds/bin/gnu/h-x86_64-mingw32/bin/../lib/gcc/nios2-elf/5.3.0/../../../../../H-x86_64-mingw32/nios2-elf/lib/mno-hw-mul\libc.a(lib_a-atexit.o)
                                        0x221 (size before relaxing)
 .debug_str     0x00000000000012db      0x3b5 c:/intelfpga_lite/18.1/nios2eds/bin/gnu/h-x86_64-mingw32/bin/../lib/gcc/nios2-elf/5.3.0/../../../../../H-x86_64-mingw32/nios2-elf/lib/mno-hw-mul\libc.a(lib_a-exit.o)
                                        0x5be (size before relaxing)
 .debug_str     0x0000000000001690       0xd6 c:/intelfpga_lite/18.1/nios2eds/bin/gnu/h-x86_64-mingw32/bin/../lib/gcc/nios2-elf/5.3.0/../../../../../H-x86_64-mingw32/nios2-elf/lib/mno-hw-mul\libc.a(lib_a-impure.o)
                                        0x5b5 (size before relaxing)
 .debug_str     0x0000000000001766       0x3f c:/intelfpga_lite/18.1/nios2eds/bin/gnu/h-x86_64-mingw32/bin/../lib/gcc/nios2-elf/5.3.0/../../../../../H-x86_64-mingw32/nios2-elf/lib/mno-hw-mul\libc.a(lib_a-int_errno.o)
                                        0x1dd (size before relaxing)
 .debug_str     0x00000000000017a5       0xda c:/intelfpga_lite/18.1/nios2eds/bin/gnu/h-x86_64-mingw32/bin/../lib/gcc/nios2-elf/5.3.0/../../../../../H-x86_64-mingw32/nios2-elf/lib/mno-hw-mul\libc.a(lib_a-memcmp.o)
                                        0x1e4 (size before relaxing)
 .debug_str     0x000000000000187f       0x6b c:/intelfpga_lite/18.1/nios2eds/bin/gnu/h-x86_64-mingw32/bin/../lib/gcc/nios2-elf/5.3.0/../../../../../H-x86_64-mingw32/nios2-elf/lib/mno-hw-mul\libc.a(lib_a-memcpy.o)
                                        0x20b (size before relaxing)
 .debug_str     0x00000000000018ea       0x51 c:/intelfpga_lite/18.1/nios2eds/bin/gnu/h-x86_64-mingw32/bin/../lib/gcc/nios2-elf/5.3.0/../../../../../H-x86_64-mingw32/nios2-elf/lib/mno-hw-mul\libc.a(lib_a-strlen.o)
                                        0x1f7 (size before relaxing)
 .debug_str     0x000000000000193b       0x3f c:/intelfpga_lite/18.1/nios2eds/bin/gnu/h-x86_64-mingw32/bin/../lib/gcc/nios2-elf/5.3.0/../../../../../H-x86_64-mingw32/nios2-elf/lib/mno-hw-mul\libc.a(lib_a-__atexit.o)
                                        0x5f6 (size before relaxing)
 .debug_str     0x000000000000197a       0x65 c:/intelfpga_lite/18.1/nios2eds/bin/gnu/h-x86_64-mingw32/bin/../lib/gcc/nios2-elf/5.3.0/../../../../../H-x86_64-mingw32/nios2-elf/lib/mno-hw-mul\libc.a(lib_a-__call_atexit.o)
                                        0x5e2 (size before relaxing)
 .debug_str     0x00000000000019df      0x148 c:/intelfpga_lite/18.1/nios2eds/bin/gnu/h-x86_64-mingw32/bin/../lib/gcc/nios2-elf/5.3.0/mno-hw-mul\libgcc.a(lib2-mul.o)
                                        0x193 (size before relaxing)
 .debug_str     0x0000000000001b27       0x2a ../TesteSoftware_bsp/\libhal_bsp.a(alt_exit.o)
                                        0x14f (size before relaxing)

.debug_loc      0x0000000000000000      0x803
 *(.debug_loc)
 .debug_loc     0x0000000000000000       0x2c c:/intelfpga_lite/18.1/nios2eds/bin/gnu/h-x86_64-mingw32/bin/../lib/gcc/nios2-elf/5.3.0/../../../../../H-x86_64-mingw32/nios2-elf/lib/mno-hw-mul\libc.a(lib_a-atexit.o)
 .debug_loc     0x000000000000002c       0x1e c:/intelfpga_lite/18.1/nios2eds/bin/gnu/h-x86_64-mingw32/bin/../lib/gcc/nios2-elf/5.3.0/../../../../../H-x86_64-mingw32/nios2-elf/lib/mno-hw-mul\libc.a(lib_a-exit.o)
 .debug_loc     0x000000000000004a      0x126 c:/intelfpga_lite/18.1/nios2eds/bin/gnu/h-x86_64-mingw32/bin/../lib/gcc/nios2-elf/5.3.0/../../../../../H-x86_64-mingw32/nios2-elf/lib/mno-hw-mul\libc.a(lib_a-memcmp.o)
 .debug_loc     0x0000000000000170      0x266 c:/intelfpga_lite/18.1/nios2eds/bin/gnu/h-x86_64-mingw32/bin/../lib/gcc/nios2-elf/5.3.0/../../../../../H-x86_64-mingw32/nios2-elf/lib/mno-hw-mul\libc.a(lib_a-memcpy.o)
 .debug_loc     0x00000000000003d6       0x47 c:/intelfpga_lite/18.1/nios2eds/bin/gnu/h-x86_64-mingw32/bin/../lib/gcc/nios2-elf/5.3.0/../../../../../H-x86_64-mingw32/nios2-elf/lib/mno-hw-mul\libc.a(lib_a-strlen.o)
 .debug_loc     0x000000000000041d      0x185 c:/intelfpga_lite/18.1/nios2eds/bin/gnu/h-x86_64-mingw32/bin/../lib/gcc/nios2-elf/5.3.0/../../../../../H-x86_64-mingw32/nios2-elf/lib/mno-hw-mul\libc.a(lib_a-__atexit.o)
 .debug_loc     0x00000000000005a2      0x1ce c:/intelfpga_lite/18.1/nios2eds/bin/gnu/h-x86_64-mingw32/bin/../lib/gcc/nios2-elf/5.3.0/../../../../../H-x86_64-mingw32/nios2-elf/lib/mno-hw-mul\libc.a(lib_a-__call_atexit.o)
 .debug_loc     0x0000000000000770       0x93 c:/intelfpga_lite/18.1/nios2eds/bin/gnu/h-x86_64-mingw32/bin/../lib/gcc/nios2-elf/5.3.0/mno-hw-mul\libgcc.a(lib2-mul.o)

.debug_macinfo
 *(.debug_macinfo)

.debug_weaknames
 *(.debug_weaknames)

.debug_funcnames
 *(.debug_funcnames)

.debug_typenames
 *(.debug_typenames)

.debug_varnames
 *(.debug_varnames)

.debug_alt_sim_info
                0x0000000000000000       0x10
 *(.debug_alt_sim_info)
 .debug_alt_sim_info
                0x0000000000000000       0x10 ../TesteSoftware_bsp//obj/HAL/src/crt0.o
                0x0000000000020000                __alt_data_end = 0x20000
                0x0000000000020000                PROVIDE (__alt_stack_pointer, __alt_data_end)
                [!provide]                        PROVIDE (__alt_stack_limit, __alt_stack_base)
                [!provide]                        PROVIDE (__alt_heap_start, end)
                [!provide]                        PROVIDE (__alt_heap_limit, 0x20000)
OUTPUT(TesteSoftware.elf elf32-littlenios2)

.debug_ranges   0x0000000000000000      0x178
 .debug_ranges  0x0000000000000000       0x20 ../TesteSoftware_bsp//obj/HAL/src/crt0.o
 .debug_ranges  0x0000000000000020       0x30 ../TesteSoftware_bsp/\libhal_bsp.a(altera_avalon_jtag_uart_init.o)
 .debug_ranges  0x0000000000000050       0x18 ../TesteSoftware_bsp/\libhal_bsp.a(altera_avalon_jtag_uart_read.o)
 .debug_ranges  0x0000000000000068       0x28 ../TesteSoftware_bsp/\libhal_bsp.a(alt_irq_entry.o)
 .debug_ranges  0x0000000000000090       0x10 ../TesteSoftware_bsp/\libhal_bsp.a(alt_irq_handler.o)
 .debug_ranges  0x00000000000000a0       0x30 ../TesteSoftware_bsp/\libhal_bsp.a(alt_exception_entry.o)
 .debug_ranges  0x00000000000000d0       0x18 ../TesteSoftware_bsp/\libhal_bsp.a(alt_instruction_exception_entry.o)
 .debug_ranges  0x00000000000000e8       0x10 c:/intelfpga_lite/18.1/nios2eds/bin/gnu/h-x86_64-mingw32/bin/../lib/gcc/nios2-elf/5.3.0/../../../../../H-x86_64-mingw32/nios2-elf/lib/mno-hw-mul\libc.a(lib_a-atexit.o)
 .debug_ranges  0x00000000000000f8       0x10 c:/intelfpga_lite/18.1/nios2eds/bin/gnu/h-x86_64-mingw32/bin/../lib/gcc/nios2-elf/5.3.0/../../../../../H-x86_64-mingw32/nios2-elf/lib/mno-hw-mul\libc.a(lib_a-exit.o)
 .debug_ranges  0x0000000000000108       0x10 c:/intelfpga_lite/18.1/nios2eds/bin/gnu/h-x86_64-mingw32/bin/../lib/gcc/nios2-elf/5.3.0/../../../../../H-x86_64-mingw32/nios2-elf/lib/mno-hw-mul\libc.a(lib_a-memcmp.o)
 .debug_ranges  0x0000000000000118       0x10 c:/intelfpga_lite/18.1/nios2eds/bin/gnu/h-x86_64-mingw32/bin/../lib/gcc/nios2-elf/5.3.0/../../../../../H-x86_64-mingw32/nios2-elf/lib/mno-hw-mul\libc.a(lib_a-memcpy.o)
 .debug_ranges  0x0000000000000128       0x10 c:/intelfpga_lite/18.1/nios2eds/bin/gnu/h-x86_64-mingw32/bin/../lib/gcc/nios2-elf/5.3.0/../../../../../H-x86_64-mingw32/nios2-elf/lib/mno-hw-mul\libc.a(lib_a-strlen.o)
 .debug_ranges  0x0000000000000138       0x10 c:/intelfpga_lite/18.1/nios2eds/bin/gnu/h-x86_64-mingw32/bin/../lib/gcc/nios2-elf/5.3.0/../../../../../H-x86_64-mingw32/nios2-elf/lib/mno-hw-mul\libc.a(lib_a-__atexit.o)
 .debug_ranges  0x0000000000000148       0x30 c:/intelfpga_lite/18.1/nios2eds/bin/gnu/h-x86_64-mingw32/bin/../lib/gcc/nios2-elf/5.3.0/../../../../../H-x86_64-mingw32/nios2-elf/lib/mno-hw-mul\libc.a(lib_a-__call_atexit.o)
